Component: ARM Compiler 5.06 update 4 (build 422) Tool: armlink [4d35d2]

==============================================================================

Section Cross References

    stm32f3xx_hal_can.o(i.CAN_Receive_IT) refers to can_driver.o(i.HAL_CAN_RxCpltCallback) for HAL_CAN_RxCpltCallback
    stm32f3xx_hal_can.o(i.CAN_Transmit_IT) refers to stm32f3xx_hal_can.o(i.HAL_CAN_TxCpltCallback) for HAL_CAN_TxCpltCallback
    stm32f3xx_hal_can.o(i.HAL_CAN_DeInit) refers to can_driver.o(i.HAL_CAN_MspDeInit) for HAL_CAN_MspDeInit
    stm32f3xx_hal_can.o(i.HAL_CAN_IRQHandler) refers to stm32f3xx_hal_can.o(i.CAN_Transmit_IT) for CAN_Transmit_IT
    stm32f3xx_hal_can.o(i.HAL_CAN_IRQHandler) refers to stm32f3xx_hal_can.o(i.CAN_Receive_IT) for CAN_Receive_IT
    stm32f3xx_hal_can.o(i.HAL_CAN_IRQHandler) refers to stm32f3xx_hal_can.o(i.HAL_CAN_ErrorCallback) for HAL_CAN_ErrorCallback
    stm32f3xx_hal_can.o(i.HAL_CAN_Init) refers to can_driver.o(i.HAL_CAN_MspInit) for HAL_CAN_MspInit
    stm32f3xx_hal_can.o(i.HAL_CAN_Init) refers to stm32f3xx_hal.o(i.HAL_GetTick) for HAL_GetTick
    stm32f3xx_hal_can.o(i.HAL_CAN_Receive) refers to stm32f3xx_hal.o(i.HAL_GetTick) for HAL_GetTick
    stm32f3xx_hal_can.o(i.HAL_CAN_Sleep) refers to stm32f3xx_hal.o(i.HAL_GetTick) for HAL_GetTick
    stm32f3xx_hal_can.o(i.HAL_CAN_Transmit) refers to stm32f3xx_hal.o(i.HAL_GetTick) for HAL_GetTick
    stm32f3xx_hal_can.o(i.HAL_CAN_WakeUp) refers to stm32f3xx_hal.o(i.HAL_GetTick) for HAL_GetTick
    stm32f3xx_hal.o(i.HAL_DeInit) refers to stm32f3xx_hal.o(i.HAL_MspDeInit) for HAL_MspDeInit
    stm32f3xx_hal.o(i.HAL_Delay) refers to stm32f3xx_hal.o(i.HAL_GetTick) for HAL_GetTick
    stm32f3xx_hal.o(i.HAL_GetTick) refers to stm32f3xx_hal.o(.data) for uwTick
    stm32f3xx_hal.o(i.HAL_IncTick) refers to stm32f3xx_hal.o(.data) for uwTick
    stm32f3xx_hal.o(i.HAL_Init) refers to stm32f3xx_hal_cortex.o(i.HAL_NVIC_SetPriorityGrouping) for HAL_NVIC_SetPriorityGrouping
    stm32f3xx_hal.o(i.HAL_Init) refers to stm32f3xx_hal.o(i.HAL_InitTick) for HAL_InitTick
    stm32f3xx_hal.o(i.HAL_Init) refers to stm32f3xx_hal_msp.o(i.HAL_MspInit) for HAL_MspInit
    stm32f3xx_hal.o(i.HAL_InitTick) refers to stm32f3xx_hal_cortex.o(i.HAL_SYSTICK_Config) for HAL_SYSTICK_Config
    stm32f3xx_hal.o(i.HAL_InitTick) refers to stm32f3xx_hal_cortex.o(i.HAL_NVIC_SetPriority) for HAL_NVIC_SetPriority
    stm32f3xx_hal.o(i.HAL_InitTick) refers to system_stm32f3xx.o(.data) for SystemCoreClock
    stm32f3xx_hal_gpio.o(i.HAL_GPIO_EXTI_IRQHandler) refers to stm32f3xx_hal_gpio.o(i.HAL_GPIO_EXTI_Callback) for HAL_GPIO_EXTI_Callback
    stm32f3xx_hal_cortex.o(i.HAL_NVIC_GetPriorityGrouping) refers to stm32f3xx_hal_cortex.o(i.NVIC_GetPriorityGrouping) for NVIC_GetPriorityGrouping
    stm32f3xx_hal_cortex.o(i.HAL_NVIC_SetPriority) refers to stm32f3xx_hal_cortex.o(i.NVIC_GetPriorityGrouping) for NVIC_GetPriorityGrouping
    stm32f3xx_hal_cortex.o(i.HAL_NVIC_SetPriority) refers to stm32f3xx_hal_cortex.o(i.NVIC_SetPriority) for NVIC_SetPriority
    stm32f3xx_hal_cortex.o(i.HAL_SYSTICK_Config) refers to stm32f3xx_hal_cortex.o(i.NVIC_SetPriority) for NVIC_SetPriority
    stm32f3xx_hal_cortex.o(i.HAL_SYSTICK_IRQHandler) refers to stm32f3xx_hal_cortex.o(i.HAL_SYSTICK_Callback) for HAL_SYSTICK_Callback
    stm32f3xx_hal_flash_ex.o(i.FLASH_MassErase) refers to stm32f3xx_hal_flash.o(.bss) for pFlash
    stm32f3xx_hal_flash_ex.o(i.FLASH_OB_DisableWRP) refers to stm32f3xx_hal_flash_ex.o(i.FLASH_OB_GetWRP) for FLASH_OB_GetWRP
    stm32f3xx_hal_flash_ex.o(i.FLASH_OB_DisableWRP) refers to stm32f3xx_hal_flash.o(i.FLASH_WaitForLastOperation) for FLASH_WaitForLastOperation
    stm32f3xx_hal_flash_ex.o(i.FLASH_OB_DisableWRP) refers to stm32f3xx_hal_flash_ex.o(i.HAL_FLASHEx_OBErase) for HAL_FLASHEx_OBErase
    stm32f3xx_hal_flash_ex.o(i.FLASH_OB_DisableWRP) refers to stm32f3xx_hal_flash.o(.bss) for pFlash
    stm32f3xx_hal_flash_ex.o(i.FLASH_OB_EnableWRP) refers to stm32f3xx_hal_flash_ex.o(i.FLASH_OB_GetWRP) for FLASH_OB_GetWRP
    stm32f3xx_hal_flash_ex.o(i.FLASH_OB_EnableWRP) refers to stm32f3xx_hal_flash.o(i.FLASH_WaitForLastOperation) for FLASH_WaitForLastOperation
    stm32f3xx_hal_flash_ex.o(i.FLASH_OB_EnableWRP) refers to stm32f3xx_hal_flash_ex.o(i.HAL_FLASHEx_OBErase) for HAL_FLASHEx_OBErase
    stm32f3xx_hal_flash_ex.o(i.FLASH_OB_EnableWRP) refers to stm32f3xx_hal_flash.o(.bss) for pFlash
    stm32f3xx_hal_flash_ex.o(i.FLASH_OB_ProgramData) refers to stm32f3xx_hal_flash.o(i.FLASH_WaitForLastOperation) for FLASH_WaitForLastOperation
    stm32f3xx_hal_flash_ex.o(i.FLASH_OB_ProgramData) refers to stm32f3xx_hal_flash.o(.bss) for pFlash
    stm32f3xx_hal_flash_ex.o(i.FLASH_OB_RDP_LevelConfig) refers to stm32f3xx_hal_flash.o(i.FLASH_WaitForLastOperation) for FLASH_WaitForLastOperation
    stm32f3xx_hal_flash_ex.o(i.FLASH_OB_RDP_LevelConfig) refers to stm32f3xx_hal_flash.o(.bss) for pFlash
    stm32f3xx_hal_flash_ex.o(i.FLASH_OB_UserConfig) refers to stm32f3xx_hal_flash.o(i.FLASH_WaitForLastOperation) for FLASH_WaitForLastOperation
    stm32f3xx_hal_flash_ex.o(i.FLASH_OB_UserConfig) refers to stm32f3xx_hal_flash.o(.bss) for pFlash
    stm32f3xx_hal_flash_ex.o(i.FLASH_PageErase) refers to stm32f3xx_hal_flash.o(.bss) for pFlash
    stm32f3xx_hal_flash_ex.o(i.HAL_FLASHEx_Erase) refers to stm32f3xx_hal_flash.o(i.FLASH_WaitForLastOperation) for FLASH_WaitForLastOperation
    stm32f3xx_hal_flash_ex.o(i.HAL_FLASHEx_Erase) refers to stm32f3xx_hal_flash_ex.o(i.FLASH_MassErase) for FLASH_MassErase
    stm32f3xx_hal_flash_ex.o(i.HAL_FLASHEx_Erase) refers to stm32f3xx_hal_flash_ex.o(i.FLASH_PageErase) for FLASH_PageErase
    stm32f3xx_hal_flash_ex.o(i.HAL_FLASHEx_Erase) refers to stm32f3xx_hal_flash.o(.bss) for pFlash
    stm32f3xx_hal_flash_ex.o(i.HAL_FLASHEx_Erase_IT) refers to stm32f3xx_hal_flash_ex.o(i.FLASH_MassErase) for FLASH_MassErase
    stm32f3xx_hal_flash_ex.o(i.HAL_FLASHEx_Erase_IT) refers to stm32f3xx_hal_flash_ex.o(i.FLASH_PageErase) for FLASH_PageErase
    stm32f3xx_hal_flash_ex.o(i.HAL_FLASHEx_Erase_IT) refers to stm32f3xx_hal_flash.o(.bss) for pFlash
    stm32f3xx_hal_flash_ex.o(i.HAL_FLASHEx_OBErase) refers to stm32f3xx_hal_flash_ex.o(i.FLASH_OB_GetRDP) for FLASH_OB_GetRDP
    stm32f3xx_hal_flash_ex.o(i.HAL_FLASHEx_OBErase) refers to stm32f3xx_hal_flash.o(i.FLASH_WaitForLastOperation) for FLASH_WaitForLastOperation
    stm32f3xx_hal_flash_ex.o(i.HAL_FLASHEx_OBErase) refers to stm32f3xx_hal_flash_ex.o(i.FLASH_OB_RDP_LevelConfig) for FLASH_OB_RDP_LevelConfig
    stm32f3xx_hal_flash_ex.o(i.HAL_FLASHEx_OBErase) refers to stm32f3xx_hal_flash.o(.bss) for pFlash
    stm32f3xx_hal_flash_ex.o(i.HAL_FLASHEx_OBGetConfig) refers to stm32f3xx_hal_flash_ex.o(i.FLASH_OB_GetWRP) for FLASH_OB_GetWRP
    stm32f3xx_hal_flash_ex.o(i.HAL_FLASHEx_OBGetConfig) refers to stm32f3xx_hal_flash_ex.o(i.FLASH_OB_GetRDP) for FLASH_OB_GetRDP
    stm32f3xx_hal_flash_ex.o(i.HAL_FLASHEx_OBGetConfig) refers to stm32f3xx_hal_flash_ex.o(i.FLASH_OB_GetUser) for FLASH_OB_GetUser
    stm32f3xx_hal_flash_ex.o(i.HAL_FLASHEx_OBProgram) refers to stm32f3xx_hal_flash_ex.o(i.FLASH_OB_EnableWRP) for FLASH_OB_EnableWRP
    stm32f3xx_hal_flash_ex.o(i.HAL_FLASHEx_OBProgram) refers to stm32f3xx_hal_flash_ex.o(i.FLASH_OB_DisableWRP) for FLASH_OB_DisableWRP
    stm32f3xx_hal_flash_ex.o(i.HAL_FLASHEx_OBProgram) refers to stm32f3xx_hal_flash_ex.o(i.FLASH_OB_RDP_LevelConfig) for FLASH_OB_RDP_LevelConfig
    stm32f3xx_hal_flash_ex.o(i.HAL_FLASHEx_OBProgram) refers to stm32f3xx_hal_flash_ex.o(i.FLASH_OB_UserConfig) for FLASH_OB_UserConfig
    stm32f3xx_hal_flash_ex.o(i.HAL_FLASHEx_OBProgram) refers to stm32f3xx_hal_flash_ex.o(i.FLASH_OB_ProgramData) for FLASH_OB_ProgramData
    stm32f3xx_hal_flash_ex.o(i.HAL_FLASHEx_OBProgram) refers to stm32f3xx_hal_flash.o(.bss) for pFlash
    stm32f3xx_hal_flash.o(i.FLASH_Program_HalfWord) refers to stm32f3xx_hal_flash.o(.bss) for pFlash
    stm32f3xx_hal_flash.o(i.FLASH_SetErrorCode) refers to stm32f3xx_hal_flash.o(.bss) for pFlash
    stm32f3xx_hal_flash.o(i.FLASH_WaitForLastOperation) refers to stm32f3xx_hal.o(i.HAL_GetTick) for HAL_GetTick
    stm32f3xx_hal_flash.o(i.FLASH_WaitForLastOperation) refers to stm32f3xx_hal_flash.o(i.FLASH_SetErrorCode) for FLASH_SetErrorCode
    stm32f3xx_hal_flash.o(i.HAL_FLASH_GetError) refers to stm32f3xx_hal_flash.o(.bss) for pFlash
    stm32f3xx_hal_flash.o(i.HAL_FLASH_IRQHandler) refers to stm32f3xx_hal_flash.o(i.FLASH_SetErrorCode) for FLASH_SetErrorCode
    stm32f3xx_hal_flash.o(i.HAL_FLASH_IRQHandler) refers to stm32f3xx_hal_flash.o(i.HAL_FLASH_OperationErrorCallback) for HAL_FLASH_OperationErrorCallback
    stm32f3xx_hal_flash.o(i.HAL_FLASH_IRQHandler) refers to stm32f3xx_hal_flash.o(i.HAL_FLASH_EndOfOperationCallback) for HAL_FLASH_EndOfOperationCallback
    stm32f3xx_hal_flash.o(i.HAL_FLASH_IRQHandler) refers to stm32f3xx_hal_flash_ex.o(i.FLASH_PageErase) for FLASH_PageErase
    stm32f3xx_hal_flash.o(i.HAL_FLASH_IRQHandler) refers to stm32f3xx_hal_flash.o(i.FLASH_Program_HalfWord) for FLASH_Program_HalfWord
    stm32f3xx_hal_flash.o(i.HAL_FLASH_IRQHandler) refers to stm32f3xx_hal_flash.o(.bss) for pFlash
    stm32f3xx_hal_flash.o(i.HAL_FLASH_OB_Launch) refers to stm32f3xx_hal_flash.o(i.FLASH_WaitForLastOperation) for FLASH_WaitForLastOperation
    stm32f3xx_hal_flash.o(i.HAL_FLASH_Program) refers to stm32f3xx_hal_flash.o(i.FLASH_WaitForLastOperation) for FLASH_WaitForLastOperation
    stm32f3xx_hal_flash.o(i.HAL_FLASH_Program) refers to llushr.o(.text) for __aeabi_llsr
    stm32f3xx_hal_flash.o(i.HAL_FLASH_Program) refers to stm32f3xx_hal_flash.o(i.FLASH_Program_HalfWord) for FLASH_Program_HalfWord
    stm32f3xx_hal_flash.o(i.HAL_FLASH_Program) refers to stm32f3xx_hal_flash.o(.bss) for pFlash
    stm32f3xx_hal_flash.o(i.HAL_FLASH_Program_IT) refers to stm32f3xx_hal_flash.o(i.FLASH_Program_HalfWord) for FLASH_Program_HalfWord
    stm32f3xx_hal_flash.o(i.HAL_FLASH_Program_IT) refers to stm32f3xx_hal_flash.o(.bss) for pFlash
    stm32f3xx_hal_rcc.o(i.HAL_RCC_ClockConfig) refers to stm32f3xx_hal.o(i.HAL_GetTick) for HAL_GetTick
    stm32f3xx_hal_rcc.o(i.HAL_RCC_ClockConfig) refers to stm32f3xx_hal_rcc.o(i.HAL_RCC_GetSysClockFreq) for HAL_RCC_GetSysClockFreq
    stm32f3xx_hal_rcc.o(i.HAL_RCC_ClockConfig) refers to stm32f3xx_hal.o(i.HAL_InitTick) for HAL_InitTick
    stm32f3xx_hal_rcc.o(i.HAL_RCC_ClockConfig) refers to system_stm32f3xx.o(.constdata) for AHBPrescTable
    stm32f3xx_hal_rcc.o(i.HAL_RCC_ClockConfig) refers to system_stm32f3xx.o(.data) for SystemCoreClock
    stm32f3xx_hal_rcc.o(i.HAL_RCC_DeInit) refers to system_stm32f3xx.o(.data) for SystemCoreClock
    stm32f3xx_hal_rcc.o(i.HAL_RCC_GetHCLKFreq) refers to system_stm32f3xx.o(.data) for SystemCoreClock
    stm32f3xx_hal_rcc.o(i.HAL_RCC_GetPCLK1Freq) refers to stm32f3xx_hal_rcc.o(i.HAL_RCC_GetHCLKFreq) for HAL_RCC_GetHCLKFreq
    stm32f3xx_hal_rcc.o(i.HAL_RCC_GetPCLK1Freq) refers to system_stm32f3xx.o(.constdata) for APBPrescTable
    stm32f3xx_hal_rcc.o(i.HAL_RCC_GetPCLK2Freq) refers to stm32f3xx_hal_rcc.o(i.HAL_RCC_GetHCLKFreq) for HAL_RCC_GetHCLKFreq
    stm32f3xx_hal_rcc.o(i.HAL_RCC_GetPCLK2Freq) refers to system_stm32f3xx.o(.constdata) for APBPrescTable
    stm32f3xx_hal_rcc.o(i.HAL_RCC_GetSysClockFreq) refers to stm32f3xx_hal_rcc.o(.constdata) for aPLLMULFactorTable
    stm32f3xx_hal_rcc.o(i.HAL_RCC_MCOConfig) refers to stm32f3xx_hal_gpio.o(i.HAL_GPIO_Init) for HAL_GPIO_Init
    stm32f3xx_hal_rcc.o(i.HAL_RCC_NMI_IRQHandler) refers to stm32f3xx_hal_rcc.o(i.HAL_RCC_CSSCallback) for HAL_RCC_CSSCallback
    stm32f3xx_hal_rcc.o(i.HAL_RCC_OscConfig) refers to stm32f3xx_hal.o(i.HAL_GetTick) for HAL_GetTick
    can_driver.o(i.HAL_CAN_MspDeInit) refers to stm32f3xx_hal_gpio.o(i.HAL_GPIO_DeInit) for HAL_GPIO_DeInit
    can_driver.o(i.HAL_CAN_MspDeInit) refers to stm32f3xx_hal_cortex.o(i.HAL_NVIC_DisableIRQ) for HAL_NVIC_DisableIRQ
    can_driver.o(i.HAL_CAN_MspInit) refers to stm32f3xx_hal_gpio.o(i.HAL_GPIO_Init) for HAL_GPIO_Init
    can_driver.o(i.HAL_CAN_RxCpltCallback) refers to device.o(i.canDispatch) for canDispatch
    can_driver.o(i.HAL_CAN_RxCpltCallback) refers to stm32f3xx_hal_can.o(i.HAL_CAN_Receive_IT) for HAL_CAN_Receive_IT
    can_driver.o(i.canInit) refers to malloc.o(i.malloc) for malloc
    can_driver.o(i.canInit) refers to stm32f3xx_hal_can.o(i.HAL_CAN_Init) for HAL_CAN_Init
    can_driver.o(i.canInit) refers to main.o(i._Error_Handler) for _Error_Handler
    can_driver.o(i.canInit) refers to stm32f3xx_hal_can.o(i.HAL_CAN_ConfigFilter) for HAL_CAN_ConfigFilter
    can_driver.o(i.canInit) refers to stm32f3xx_hal_can.o(i.HAL_CAN_Receive_IT) for HAL_CAN_Receive_IT
    can_driver.o(i.canInit) refers to stm32f3xx_hal_cortex.o(i.HAL_NVIC_EnableIRQ) for HAL_NVIC_EnableIRQ
    can_driver.o(i.canInit) refers to can_driver.o(.bss) for hcan
    can_driver.o(i.canSend) refers to stm32f3xx_hal_can.o(i.HAL_CAN_Transmit) for HAL_CAN_Transmit
    can_driver.o(i.canSend) refers to can_driver.o(.bss) for hcan
    can_driver.o(i.printSCI_nbr) refers to can_driver.o(i.hex_convert) for hex_convert
    can_driver.o(i.printSCI_nbr) refers to can_driver.o(i.printSCI_str) for printSCI_str
    can_driver.o(i.printSCI_str) refers to strlen.o(.text) for strlen
    can_driver.o(i.printSCI_str) refers to device.o(i.device_GetNodeid) for device_GetNodeid
    can_driver.o(i.printSCI_str) refers to can_driver.o(i.canSend) for canSend
    can_driver.o(i.printSCI_str) refers to memcpya.o(.text) for __aeabi_memcpy
    device.o(i.canDispatch) refers to strncmp.o(.text) for strncmp
    device.o(i.canDispatch) refers to device.o(i.device_SetTrigger) for device_SetTrigger
    device.o(i.canDispatch) refers to can_driver.o(i.printSCI_nbr) for printSCI_nbr
    device.o(i.canDispatch) refers to can_driver.o(i.printSCI_str) for printSCI_str
    device.o(i.canDispatch) refers to device.o(i.proceedCMD) for proceedCMD
    device.o(i.canDispatch) refers to flash.o(i.flash_write_halfwords) for flash_write_halfwords
    device.o(i.canDispatch) refers to memcpya.o(.text) for __aeabi_memcpy
    device.o(i.canDispatch) refers to can_driver.o(i.canSend) for canSend
    device.o(i.canDispatch) refers to device.o(i.uploading) for uploading
    device.o(i.canDispatch) refers to device.o(.constdata) for .constdata
    device.o(i.canDispatch) refers to device.o(.data) for nodeid
    device.o(i.canDispatch) refers to device.o(.bss) for download_buf
    device.o(i.device_GetNodeid) refers to device.o(.data) for nodeid
    device.o(i.device_GetTrigger) refers to device.o(.data) for bootloader_trigged
    device.o(i.device_Init) refers to flash.o(i.config_load) for config_load
    device.o(i.device_Init) refers to flash.o(.bss) for config_buf
    device.o(i.device_Init) refers to device.o(.data) for Firmware_UpdateFlag
    device.o(i.device_Run) refers to can_driver.o(i.printSCI_nbr) for printSCI_nbr
    device.o(i.device_Run) refers to can_driver.o(i.printSCI_str) for printSCI_str
    device.o(i.device_Run) refers to device.o(.data) for Firmware_UpdateFlag
    device.o(i.device_SendInfo) refers to device.o(i.tx_ack) for tx_ack
    device.o(i.device_SendInfo) refers to device.o(.data) for Firmware_Version
    device.o(i.device_SetInfo) refers to device.o(i.tx_ack) for tx_ack
    device.o(i.device_SetInfo) refers to flash.o(i.config_verify) for config_verify
    device.o(i.device_SetInfo) refers to flash.o(.bss) for config_buf
    device.o(i.device_SetInfo) refers to device.o(.data) for Firmware_Version
    device.o(i.device_SetNodeid) refers to device.o(.data) for nodeid
    device.o(i.device_SetTrigger) refers to can_driver.o(i.canSend) for canSend
    device.o(i.device_SetTrigger) refers to device.o(.data) for bootloader_trigged
    device.o(i.proceedCMD) refers to device.o(i.device_SendInfo) for device_SendInfo
    device.o(i.proceedCMD) refers to device.o(i.device_SetInfo) for device_SetInfo
    device.o(i.proceedCMD) refers to flash.o(i.flash_erase_bytes) for flash_erase_bytes
    device.o(i.proceedCMD) refers to device.o(i.tx_ack) for tx_ack
    device.o(i.proceedCMD) refers to device.o(i.device_Run) for device_Run
    device.o(i.proceedCMD) refers to device.o(.data) for ack_1
    device.o(i.tx_ack) refers to can_driver.o(i.canSend) for canSend
    device.o(i.tx_ack) refers to device.o(.data) for nodeid
    device.o(i.uploading) refers to flash.o(i.flash_read_bytes) for flash_read_bytes
    device.o(i.uploading) refers to can_driver.o(i.printSCI_nbr) for printSCI_nbr
    device.o(i.uploading) refers to can_driver.o(i.printSCI_str) for printSCI_str
    device.o(i.uploading) refers to can_driver.o(i.canSend) for canSend
    device.o(i.uploading) refers to device.o(.data) for nodeid
    device.o(i.uploading) refers to device.o(.bss) for upload_buf
    flash.o(i.config_load) refers to flash.o(i.flash_read_bytes) for flash_read_bytes
    flash.o(i.config_load) refers to flash.o(.bss) for config_buf
    flash.o(i.config_verify) refers to flash.o(i.flash_erase_bytes) for flash_erase_bytes
    flash.o(i.config_verify) refers to flash.o(i.flash_write_halfwords) for flash_write_halfwords
    flash.o(i.config_verify) refers to flash.o(.bss) for config_buf
    flash.o(i.flash_erase_bytes) refers to stm32f3xx_hal_flash.o(i.HAL_FLASH_Unlock) for HAL_FLASH_Unlock
    flash.o(i.flash_erase_bytes) refers to stm32f3xx_hal_flash_ex.o(i.HAL_FLASHEx_Erase) for HAL_FLASHEx_Erase
    flash.o(i.flash_erase_bytes) refers to stm32f3xx_hal_flash.o(i.HAL_FLASH_Lock) for HAL_FLASH_Lock
    flash.o(i.flash_write_halfwords) refers to stm32f3xx_hal_flash.o(i.HAL_FLASH_Unlock) for HAL_FLASH_Unlock
    flash.o(i.flash_write_halfwords) refers to flash.o(i.FLASH_Program_HalfWord) for FLASH_Program_HalfWord
    flash.o(i.flash_write_halfwords) refers to stm32f3xx_hal_flash.o(i.FLASH_WaitForLastOperation) for FLASH_WaitForLastOperation
    flash.o(i.flash_write_halfwords) refers to stm32f3xx_hal_flash.o(i.HAL_FLASH_Lock) for HAL_FLASH_Lock
    system_stm32f3xx.o(i.SystemCoreClockUpdate) refers to system_stm32f3xx.o(.data) for SystemCoreClock
    system_stm32f3xx.o(i.SystemCoreClockUpdate) refers to system_stm32f3xx.o(.constdata) for AHBPrescTable
    startup_stm32f302xc.o(RESET) refers to startup_stm32f302xc.o(STACK) for __initial_sp
    startup_stm32f302xc.o(RESET) refers to startup_stm32f302xc.o(.text) for Reset_Handler
    startup_stm32f302xc.o(RESET) refers to stm32f3xx_it.o(i.NMI_Handler) for NMI_Handler
    startup_stm32f302xc.o(RESET) refers to stm32f3xx_it.o(i.HardFault_Handler) for HardFault_Handler
    startup_stm32f302xc.o(RESET) refers to stm32f3xx_it.o(i.MemManage_Handler) for MemManage_Handler
    startup_stm32f302xc.o(RESET) refers to stm32f3xx_it.o(i.BusFault_Handler) for BusFault_Handler
    startup_stm32f302xc.o(RESET) refers to stm32f3xx_it.o(i.UsageFault_Handler) for UsageFault_Handler
    startup_stm32f302xc.o(RESET) refers to stm32f3xx_it.o(i.SVC_Handler) for SVC_Handler
    startup_stm32f302xc.o(RESET) refers to stm32f3xx_it.o(i.DebugMon_Handler) for DebugMon_Handler
    startup_stm32f302xc.o(RESET) refers to stm32f3xx_it.o(i.PendSV_Handler) for PendSV_Handler
    startup_stm32f302xc.o(RESET) refers to stm32f3xx_it.o(i.SysTick_Handler) for SysTick_Handler
    startup_stm32f302xc.o(RESET) refers to stm32f3xx_it.o(i.USB_LP_CAN_RX0_IRQHandler) for USB_LP_CAN_RX0_IRQHandler
    startup_stm32f302xc.o(RESET) refers to stm32f3xx_it.o(i.CAN_RX1_IRQHandler) for CAN_RX1_IRQHandler
    startup_stm32f302xc.o(.text) refers to system_stm32f3xx.o(i.SystemInit) for SystemInit
    startup_stm32f302xc.o(.text) refers to entry.o(.ARM.Collect$$$$00000000) for __main
    stm32f3xx_it.o(i.CAN_RX1_IRQHandler) refers to stm32f3xx_hal_can.o(i.HAL_CAN_IRQHandler) for HAL_CAN_IRQHandler
    stm32f3xx_it.o(i.CAN_RX1_IRQHandler) refers to can_driver.o(.bss) for hcan
    stm32f3xx_it.o(i.SysTick_Handler) refers to stm32f3xx_hal.o(i.HAL_IncTick) for HAL_IncTick
    stm32f3xx_it.o(i.SysTick_Handler) refers to stm32f3xx_hal_cortex.o(i.HAL_SYSTICK_IRQHandler) for HAL_SYSTICK_IRQHandler
    stm32f3xx_it.o(i.USB_LP_CAN_RX0_IRQHandler) refers to stm32f3xx_hal_can.o(i.HAL_CAN_IRQHandler) for HAL_CAN_IRQHandler
    stm32f3xx_it.o(i.USB_LP_CAN_RX0_IRQHandler) refers to can_driver.o(.bss) for hcan
    main.o(i.MX_GPIO_Init) refers to stm32f3xx_hal_gpio.o(i.HAL_GPIO_WritePin) for HAL_GPIO_WritePin
    main.o(i.MX_GPIO_Init) refers to stm32f3xx_hal_gpio.o(i.HAL_GPIO_Init) for HAL_GPIO_Init
    main.o(i.SystemClock_Config) refers to stm32f3xx_hal_rcc.o(i.HAL_RCC_OscConfig) for HAL_RCC_OscConfig
    main.o(i.SystemClock_Config) refers to main.o(i._Error_Handler) for _Error_Handler
    main.o(i.SystemClock_Config) refers to stm32f3xx_hal_rcc.o(i.HAL_RCC_ClockConfig) for HAL_RCC_ClockConfig
    main.o(i.SystemClock_Config) refers to stm32f3xx_hal_rcc.o(i.HAL_RCC_GetHCLKFreq) for HAL_RCC_GetHCLKFreq
    main.o(i.SystemClock_Config) refers to stm32f3xx_hal_cortex.o(i.HAL_SYSTICK_Config) for HAL_SYSTICK_Config
    main.o(i.SystemClock_Config) refers to stm32f3xx_hal_cortex.o(i.HAL_SYSTICK_CLKSourceConfig) for HAL_SYSTICK_CLKSourceConfig
    main.o(i.SystemClock_Config) refers to stm32f3xx_hal_cortex.o(i.HAL_NVIC_SetPriority) for HAL_NVIC_SetPriority
    main.o(i.main) refers to stm32f3xx_hal.o(i.HAL_Init) for HAL_Init
    main.o(i.main) refers to main.o(i.SystemClock_Config) for SystemClock_Config
    main.o(i.main) refers to main.o(i.MX_GPIO_Init) for MX_GPIO_Init
    main.o(i.main) refers to can_driver.o(i.canInit) for canInit
    main.o(i.main) refers to device.o(i.device_Init) for device_Init
    main.o(i.main) refers to stm32f3xx_hal.o(i.HAL_Delay) for HAL_Delay
    main.o(i.main) refers to device.o(i.device_GetTrigger) for device_GetTrigger
    main.o(i.main) refers to device.o(i.device_Run) for device_Run
    main.o(i.main) refers to device.o(i.device_SetTrigger) for device_SetTrigger
    main.o(i.main) refers to can_driver.o(i.printSCI_nbr) for printSCI_nbr
    main.o(i.main) refers to can_driver.o(i.printSCI_str) for printSCI_str
    stm32f3xx_hal_msp.o(i.HAL_MspInit) refers to stm32f3xx_hal_cortex.o(i.HAL_NVIC_SetPriorityGrouping) for HAL_NVIC_SetPriorityGrouping
    stm32f3xx_hal_msp.o(i.HAL_MspInit) refers to stm32f3xx_hal_cortex.o(i.HAL_NVIC_SetPriority) for HAL_NVIC_SetPriority
    entry.o(.ARM.Collect$$$$00000000) refers (Special) to entry10a.o(.ARM.Collect$$$$0000000D) for __rt_final_cpp
    entry.o(.ARM.Collect$$$$00000000) refers (Special) to entry11a.o(.ARM.Collect$$$$0000000F) for __rt_final_exit
    entry.o(.ARM.Collect$$$$00000000) refers (Special) to entry7b.o(.ARM.Collect$$$$00000008) for _main_clock
    entry.o(.ARM.Collect$$$$00000000) refers (Special) to entry8b.o(.ARM.Collect$$$$0000000A) for _main_cpp_init
    entry.o(.ARM.Collect$$$$00000000) refers (Special) to entry9a.o(.ARM.Collect$$$$0000000B) for _main_init
    entry.o(.ARM.Collect$$$$00000000) refers (Special) to entry5.o(.ARM.Collect$$$$00000004) for _main_scatterload
    entry.o(.ARM.Collect$$$$00000000) refers (Special) to entry2.o(.ARM.Collect$$$$00000001) for _main_stk
    malloc.o(i.free) refers to mvars.o(.data) for __microlib_freelist
    malloc.o(i.malloc) refers to mvars.o(.data) for __microlib_freelist_initialised
    malloc.o(i.malloc) refers to mvars.o(.data) for __microlib_freelist
    malloc.o(i.malloc) refers to startup_stm32f302xc.o(HEAP) for __heap_base
    mallocr.o(i.__free$realloc) refers to mvars.o(.data) for __microlib_freelist
    mallocr.o(i.__malloc$realloc) refers to mallocr.o(i.internal_alloc) for internal_alloc
    mallocr.o(i.__malloc$realloc) refers to mvars.o(.data) for __microlib_freelist_initialised
    mallocr.o(i.__malloc$realloc) refers to startup_stm32f302xc.o(HEAP) for __heap_base
    mallocr.o(i.__malloc$realloc) refers to mvars.o(.data) for __microlib_freelist
    mallocr.o(i.internal_alloc) refers to memcpya.o(.text) for __aeabi_memcpy
    mallocr.o(i.internal_alloc) refers to mvars.o(.data) for __microlib_freelist
    mallocr.o(i.realloc) refers to mallocr.o(i.__free$realloc) for __free$realloc
    mallocr.o(i.realloc) refers to mallocr.o(i.internal_alloc) for internal_alloc
    mallocr.o(i.realloc) refers to mallocr.o(i.__malloc$realloc) for __malloc$realloc
    mallocr.o(i.realloc) refers to mvars.o(.data) for __microlib_freelist
    malloca.o(i.__aligned_malloc) refers to mvars.o(.data) for __microlib_freelist_initialised
    malloca.o(i.__aligned_malloc) refers to mvars.o(.data) for __microlib_freelist
    malloca.o(i.__aligned_malloc) refers to startup_stm32f302xc.o(HEAP) for __heap_base
    malloca.o(i.__free$memalign) refers to mvars.o(.data) for __microlib_freelist
    malloca.o(i.__malloc$memalign) refers to malloca.o(i.__aligned_malloc) for __aligned_malloc
    mallocra.o(i.__aligned_malloc$realloc) refers to mallocra.o(i.internal_alloc) for internal_alloc
    mallocra.o(i.__aligned_malloc$realloc) refers to mvars.o(.data) for __microlib_freelist_initialised
    mallocra.o(i.__aligned_malloc$realloc) refers to startup_stm32f302xc.o(HEAP) for __heap_base
    mallocra.o(i.__aligned_malloc$realloc) refers to mvars.o(.data) for __microlib_freelist
    mallocra.o(i.__free$realloc$memalign) refers to mvars.o(.data) for __microlib_freelist
    mallocra.o(i.__malloc$realloc$memalign) refers to mallocra.o(i.__aligned_malloc$realloc) for __aligned_malloc$realloc
    mallocra.o(i.__realloc$memalign) refers to mallocra.o(i.__free$realloc$memalign) for __free$realloc$memalign
    mallocra.o(i.__realloc$memalign) refers to mallocra.o(i.internal_alloc) for internal_alloc
    mallocra.o(i.__realloc$memalign) refers to mallocra.o(i.__malloc$realloc$memalign) for __malloc$realloc$memalign
    mallocra.o(i.__realloc$memalign) refers to mvars.o(.data) for __microlib_freelist
    mallocra.o(i.internal_alloc) refers to memcpya.o(.text) for __aeabi_memcpy
    mallocra.o(i.internal_alloc) refers to mvars.o(.data) for __microlib_freelist
    entry2.o(.ARM.Collect$$$$00000001) refers to entry2.o(.ARM.Collect$$$$00002712) for __lit__00000000
    entry2.o(.ARM.Collect$$$$00002712) refers to startup_stm32f302xc.o(STACK) for __initial_sp
    entry2.o(__vectab_stack_and_reset_area) refers to startup_stm32f302xc.o(STACK) for __initial_sp
    entry2.o(__vectab_stack_and_reset_area) refers to entry.o(.ARM.Collect$$$$00000000) for __main
    entry5.o(.ARM.Collect$$$$00000004) refers to init.o(.text) for __scatterload
    entry9a.o(.ARM.Collect$$$$0000000B) refers to main.o(i.main) for main
    entry9b.o(.ARM.Collect$$$$0000000C) refers to main.o(i.main) for main
    init.o(.text) refers to entry5.o(.ARM.Collect$$$$00000004) for __main_after_scatterload


==============================================================================

Removing Unused input sections from the image.

    Removing stm32f3xx_hal_can.o(.rev16_text), (4 bytes).
    Removing stm32f3xx_hal_can.o(.revsh_text), (4 bytes).
    Removing stm32f3xx_hal_can.o(.rrx_text), (6 bytes).
    Removing stm32f3xx_hal_can.o(i.HAL_CAN_DeInit), (40 bytes).
    Removing stm32f3xx_hal_can.o(i.HAL_CAN_GetError), (6 bytes).
    Removing stm32f3xx_hal_can.o(i.HAL_CAN_GetState), (8 bytes).
    Removing stm32f3xx_hal_can.o(i.HAL_CAN_MspDeInit), (2 bytes).
    Removing stm32f3xx_hal_can.o(i.HAL_CAN_MspInit), (2 bytes).
    Removing stm32f3xx_hal_can.o(i.HAL_CAN_Receive), (726 bytes).
    Removing stm32f3xx_hal_can.o(i.HAL_CAN_RxCpltCallback), (2 bytes).
    Removing stm32f3xx_hal_can.o(i.HAL_CAN_Sleep), (166 bytes).
    Removing stm32f3xx_hal_can.o(i.HAL_CAN_Transmit_IT), (494 bytes).
    Removing stm32f3xx_hal_can.o(i.HAL_CAN_WakeUp), (140 bytes).
    Removing stm32f3xx_hal.o(.rev16_text), (4 bytes).
    Removing stm32f3xx_hal.o(.revsh_text), (4 bytes).
    Removing stm32f3xx_hal.o(.rrx_text), (6 bytes).
    Removing stm32f3xx_hal.o(i.HAL_DBGMCU_DisableDBGSleepMode), (20 bytes).
    Removing stm32f3xx_hal.o(i.HAL_DBGMCU_DisableDBGStandbyMode), (20 bytes).
    Removing stm32f3xx_hal.o(i.HAL_DBGMCU_DisableDBGStopMode), (20 bytes).
    Removing stm32f3xx_hal.o(i.HAL_DBGMCU_EnableDBGSleepMode), (20 bytes).
    Removing stm32f3xx_hal.o(i.HAL_DBGMCU_EnableDBGStandbyMode), (20 bytes).
    Removing stm32f3xx_hal.o(i.HAL_DBGMCU_EnableDBGStopMode), (20 bytes).
    Removing stm32f3xx_hal.o(i.HAL_DeInit), (44 bytes).
    Removing stm32f3xx_hal.o(i.HAL_GetDEVID), (16 bytes).
    Removing stm32f3xx_hal.o(i.HAL_GetHalVersion), (8 bytes).
    Removing stm32f3xx_hal.o(i.HAL_GetREVID), (12 bytes).
    Removing stm32f3xx_hal.o(i.HAL_GetUIDw0), (12 bytes).
    Removing stm32f3xx_hal.o(i.HAL_GetUIDw1), (12 bytes).
    Removing stm32f3xx_hal.o(i.HAL_GetUIDw2), (12 bytes).
    Removing stm32f3xx_hal.o(i.HAL_MspDeInit), (2 bytes).
    Removing stm32f3xx_hal.o(i.HAL_MspInit), (2 bytes).
    Removing stm32f3xx_hal.o(i.HAL_ResumeTick), (18 bytes).
    Removing stm32f3xx_hal.o(i.HAL_SuspendTick), (18 bytes).
    Removing stm32f3xx_hal_gpio.o(.rev16_text), (4 bytes).
    Removing stm32f3xx_hal_gpio.o(.revsh_text), (4 bytes).
    Removing stm32f3xx_hal_gpio.o(.rrx_text), (6 bytes).
    Removing stm32f3xx_hal_gpio.o(i.HAL_GPIO_DeInit), (284 bytes).
    Removing stm32f3xx_hal_gpio.o(i.HAL_GPIO_EXTI_Callback), (2 bytes).
    Removing stm32f3xx_hal_gpio.o(i.HAL_GPIO_EXTI_IRQHandler), (28 bytes).
    Removing stm32f3xx_hal_gpio.o(i.HAL_GPIO_LockPin), (46 bytes).
    Removing stm32f3xx_hal_gpio.o(i.HAL_GPIO_ReadPin), (16 bytes).
    Removing stm32f3xx_hal_gpio.o(i.HAL_GPIO_TogglePin), (8 bytes).
    Removing stm32f3xx_hal_cortex.o(.rev16_text), (4 bytes).
    Removing stm32f3xx_hal_cortex.o(.revsh_text), (4 bytes).
    Removing stm32f3xx_hal_cortex.o(.rrx_text), (6 bytes).
    Removing stm32f3xx_hal_cortex.o(i.HAL_MPU_ConfigRegion), (92 bytes).
    Removing stm32f3xx_hal_cortex.o(i.HAL_MPU_Disable), (28 bytes).
    Removing stm32f3xx_hal_cortex.o(i.HAL_MPU_Enable), (32 bytes).
    Removing stm32f3xx_hal_cortex.o(i.HAL_NVIC_ClearPendingIRQ), (28 bytes).
    Removing stm32f3xx_hal_cortex.o(i.HAL_NVIC_DisableIRQ), (28 bytes).
    Removing stm32f3xx_hal_cortex.o(i.HAL_NVIC_GetActive), (40 bytes).
    Removing stm32f3xx_hal_cortex.o(i.HAL_NVIC_GetPendingIRQ), (40 bytes).
    Removing stm32f3xx_hal_cortex.o(i.HAL_NVIC_GetPriority), (148 bytes).
    Removing stm32f3xx_hal_cortex.o(i.HAL_NVIC_GetPriorityGrouping), (8 bytes).
    Removing stm32f3xx_hal_cortex.o(i.HAL_NVIC_SetPendingIRQ), (28 bytes).
    Removing stm32f3xx_hal_cortex.o(i.HAL_NVIC_SystemReset), (68 bytes).
    Removing stm32f3xx_hal_flash_ex.o(.rev16_text), (4 bytes).
    Removing stm32f3xx_hal_flash_ex.o(.revsh_text), (4 bytes).
    Removing stm32f3xx_hal_flash_ex.o(.rrx_text), (6 bytes).
    Removing stm32f3xx_hal_flash_ex.o(i.FLASH_OB_DisableWRP), (232 bytes).
    Removing stm32f3xx_hal_flash_ex.o(i.FLASH_OB_EnableWRP), (236 bytes).
    Removing stm32f3xx_hal_flash_ex.o(i.FLASH_OB_GetRDP), (36 bytes).
    Removing stm32f3xx_hal_flash_ex.o(i.FLASH_OB_GetUser), (32 bytes).
    Removing stm32f3xx_hal_flash_ex.o(i.FLASH_OB_GetWRP), (12 bytes).
    Removing stm32f3xx_hal_flash_ex.o(i.FLASH_OB_ProgramData), (76 bytes).
    Removing stm32f3xx_hal_flash_ex.o(i.FLASH_OB_RDP_LevelConfig), (124 bytes).
    Removing stm32f3xx_hal_flash_ex.o(i.FLASH_OB_UserConfig), (84 bytes).
    Removing stm32f3xx_hal_flash_ex.o(i.HAL_FLASHEx_Erase_IT), (100 bytes).
    Removing stm32f3xx_hal_flash_ex.o(i.HAL_FLASHEx_OBErase), (96 bytes).
    Removing stm32f3xx_hal_flash_ex.o(i.HAL_FLASHEx_OBGetConfig), (28 bytes).
    Removing stm32f3xx_hal_flash_ex.o(i.HAL_FLASHEx_OBGetUserData), (72 bytes).
    Removing stm32f3xx_hal_flash_ex.o(i.HAL_FLASHEx_OBProgram), (200 bytes).
    Removing stm32f3xx_hal_flash.o(.rev16_text), (4 bytes).
    Removing stm32f3xx_hal_flash.o(.revsh_text), (4 bytes).
    Removing stm32f3xx_hal_flash.o(.rrx_text), (6 bytes).
    Removing stm32f3xx_hal_flash.o(i.FLASH_Program_HalfWord), (32 bytes).
    Removing stm32f3xx_hal_flash.o(i.HAL_FLASH_EndOfOperationCallback), (2 bytes).
    Removing stm32f3xx_hal_flash.o(i.HAL_FLASH_GetError), (12 bytes).
    Removing stm32f3xx_hal_flash.o(i.HAL_FLASH_IRQHandler), (384 bytes).
    Removing stm32f3xx_hal_flash.o(i.HAL_FLASH_OB_Launch), (28 bytes).
    Removing stm32f3xx_hal_flash.o(i.HAL_FLASH_OB_Lock), (20 bytes).
    Removing stm32f3xx_hal_flash.o(i.HAL_FLASH_OB_Unlock), (44 bytes).
    Removing stm32f3xx_hal_flash.o(i.HAL_FLASH_OperationErrorCallback), (2 bytes).
    Removing stm32f3xx_hal_flash.o(i.HAL_FLASH_Program), (176 bytes).
    Removing stm32f3xx_hal_flash.o(i.HAL_FLASH_Program_IT), (124 bytes).
    Removing stm32f3xx_hal_rcc.o(.rev16_text), (4 bytes).
    Removing stm32f3xx_hal_rcc.o(.revsh_text), (4 bytes).
    Removing stm32f3xx_hal_rcc.o(.rrx_text), (6 bytes).
    Removing stm32f3xx_hal_rcc.o(i.HAL_RCC_CSSCallback), (2 bytes).
    Removing stm32f3xx_hal_rcc.o(i.HAL_RCC_DeInit), (84 bytes).
    Removing stm32f3xx_hal_rcc.o(i.HAL_RCC_DisableCSS), (28 bytes).
    Removing stm32f3xx_hal_rcc.o(i.HAL_RCC_EnableCSS), (24 bytes).
    Removing stm32f3xx_hal_rcc.o(i.HAL_RCC_GetClockConfig), (68 bytes).
    Removing stm32f3xx_hal_rcc.o(i.HAL_RCC_GetOscConfig), (212 bytes).
    Removing stm32f3xx_hal_rcc.o(i.HAL_RCC_GetPCLK1Freq), (44 bytes).
    Removing stm32f3xx_hal_rcc.o(i.HAL_RCC_GetPCLK2Freq), (44 bytes).
    Removing stm32f3xx_hal_rcc.o(i.HAL_RCC_MCOConfig), (92 bytes).
    Removing stm32f3xx_hal_rcc.o(i.HAL_RCC_NMI_IRQHandler), (32 bytes).
    Removing can_driver.o(.rev16_text), (4 bytes).
    Removing can_driver.o(.revsh_text), (4 bytes).
    Removing can_driver.o(.rrx_text), (6 bytes).
    Removing can_driver.o(i.HAL_CAN_MspDeInit), (60 bytes).
    Removing device.o(.rev16_text), (4 bytes).
    Removing device.o(.revsh_text), (4 bytes).
    Removing device.o(.rrx_text), (6 bytes).
    Removing device.o(i.device_SetNodeid), (12 bytes).
    Removing flash.o(.rev16_text), (4 bytes).
    Removing flash.o(.revsh_text), (4 bytes).
    Removing flash.o(.rrx_text), (6 bytes).
    Removing flash.o(i.flash_read_halfwords), (26 bytes).
    Removing system_stm32f3xx.o(.rev16_text), (4 bytes).
    Removing system_stm32f3xx.o(.revsh_text), (4 bytes).
    Removing system_stm32f3xx.o(.rrx_text), (6 bytes).
    Removing system_stm32f3xx.o(i.SystemCoreClockUpdate), (160 bytes).
    Removing stm32f3xx_it.o(.rev16_text), (4 bytes).
    Removing stm32f3xx_it.o(.revsh_text), (4 bytes).
    Removing stm32f3xx_it.o(.rrx_text), (6 bytes).
    Removing main.o(.rev16_text), (4 bytes).
    Removing main.o(.revsh_text), (4 bytes).
    Removing main.o(.rrx_text), (6 bytes).
    Removing stm32f3xx_hal_msp.o(.rev16_text), (4 bytes).
    Removing stm32f3xx_hal_msp.o(.revsh_text), (4 bytes).
    Removing stm32f3xx_hal_msp.o(.rrx_text), (6 bytes).

123 unused section(s) (total 6022 bytes) removed from the image.

==============================================================================

Image Symbol Table

    Local Symbols

    Symbol Name                              Value     Ov Type        Size  Object(Section)

    ../Drivers/STM32F3xx_HAL_Driver/Src/stm32f3xx_hal.c 0x00000000   Number         0  stm32f3xx_hal.o ABSOLUTE
    ../Drivers/STM32F3xx_HAL_Driver/Src/stm32f3xx_hal_can.c 0x00000000   Number         0  stm32f3xx_hal_can.o ABSOLUTE
    ../Drivers/STM32F3xx_HAL_Driver/Src/stm32f3xx_hal_cortex.c 0x00000000   Number         0  stm32f3xx_hal_cortex.o ABSOLUTE
    ../Drivers/STM32F3xx_HAL_Driver/Src/stm32f3xx_hal_flash.c 0x00000000   Number         0  stm32f3xx_hal_flash.o ABSOLUTE
    ../Drivers/STM32F3xx_HAL_Driver/Src/stm32f3xx_hal_flash_ex.c 0x00000000   Number         0  stm32f3xx_hal_flash_ex.o ABSOLUTE
    ../Drivers/STM32F3xx_HAL_Driver/Src/stm32f3xx_hal_gpio.c 0x00000000   Number         0  stm32f3xx_hal_gpio.o ABSOLUTE
    ../Src/main.c                            0x00000000   Number         0  main.o ABSOLUTE
    ../Src/stm32f3xx_hal_msp.c               0x00000000   Number         0  stm32f3xx_hal_msp.o ABSOLUTE
    ../Src/stm32f3xx_it.c                    0x00000000   Number         0  stm32f3xx_it.o ABSOLUTE
    ../Src/system_stm32f3xx.c                0x00000000   Number         0  system_stm32f3xx.o ABSOLUTE
    ../clib/microlib/init/entry.s            0x00000000   Number         0  entry2.o ABSOLUTE
    ../clib/microlib/init/entry.s            0x00000000   Number         0  entry5.o ABSOLUTE
    ../clib/microlib/init/entry.s            0x00000000   Number         0  entry7a.o ABSOLUTE
    ../clib/microlib/init/entry.s            0x00000000   Number         0  entry8a.o ABSOLUTE
    ../clib/microlib/init/entry.s            0x00000000   Number         0  entry8b.o ABSOLUTE
    ../clib/microlib/init/entry.s            0x00000000   Number         0  entry9a.o ABSOLUTE
    ../clib/microlib/init/entry.s            0x00000000   Number         0  entry9b.o ABSOLUTE
    ../clib/microlib/init/entry.s            0x00000000   Number         0  entry10a.o ABSOLUTE
    ../clib/microlib/init/entry.s            0x00000000   Number         0  entry7b.o ABSOLUTE
    ../clib/microlib/init/entry.s            0x00000000   Number         0  entry10b.o ABSOLUTE
    ../clib/microlib/init/entry.s            0x00000000   Number         0  entry.o ABSOLUTE
    ../clib/microlib/init/entry.s            0x00000000   Number         0  entry11a.o ABSOLUTE
    ../clib/microlib/init/entry.s            0x00000000   Number         0  entry11b.o ABSOLUTE
    ../clib/microlib/longlong.c              0x00000000   Number         0  llushr.o ABSOLUTE
    ../clib/microlib/malloc/malloc.c         0x00000000   Number         0  mallocr.o ABSOLUTE
    ../clib/microlib/malloc/malloc.c         0x00000000   Number         0  malloc.o ABSOLUTE
    ../clib/microlib/malloc/malloc.c         0x00000000   Number         0  mallocra.o ABSOLUTE
    ../clib/microlib/malloc/malloc.c         0x00000000   Number         0  malloca.o ABSOLUTE
    ../clib/microlib/malloc/mvars.c          0x00000000   Number         0  mvars.o ABSOLUTE
    ../clib/microlib/string/memcpy.c         0x00000000   Number         0  memcpya.o ABSOLUTE
    ../clib/microlib/string/memcpy.c         0x00000000   Number         0  memcpyb.o ABSOLUTE
    ../clib/microlib/string/strlen.c         0x00000000   Number         0  strlen.o ABSOLUTE
    ../clib/microlib/string/strncmp.c        0x00000000   Number         0  strncmp.o ABSOLUTE
    ..\Drivers\STM32F3xx_HAL_Driver\Src\stm32f3xx_hal.c 0x00000000   Number         0  stm32f3xx_hal.o ABSOLUTE
    ..\Drivers\STM32F3xx_HAL_Driver\Src\stm32f3xx_hal_can.c 0x00000000   Number         0  stm32f3xx_hal_can.o ABSOLUTE
    ..\Drivers\STM32F3xx_HAL_Driver\Src\stm32f3xx_hal_cortex.c 0x00000000   Number         0  stm32f3xx_hal_cortex.o ABSOLUTE
    ..\Drivers\STM32F3xx_HAL_Driver\Src\stm32f3xx_hal_flash.c 0x00000000   Number         0  stm32f3xx_hal_flash.o ABSOLUTE
    ..\Drivers\STM32F3xx_HAL_Driver\Src\stm32f3xx_hal_flash_ex.c 0x00000000   Number         0  stm32f3xx_hal_flash_ex.o ABSOLUTE
    ..\Drivers\STM32F3xx_HAL_Driver\Src\stm32f3xx_hal_gpio.c 0x00000000   Number         0  stm32f3xx_hal_gpio.o ABSOLUTE
    ..\Drivers\STM32F3xx_HAL_Driver\Src\stm32f3xx_hal_rcc.c 0x00000000   Number         0  stm32f3xx_hal_rcc.o ABSOLUTE
    ..\Src\main.c                            0x00000000   Number         0  main.o ABSOLUTE
    ..\Src\stm32f3xx_hal_msp.c               0x00000000   Number         0  stm32f3xx_hal_msp.o ABSOLUTE
    ..\Src\stm32f3xx_it.c                    0x00000000   Number         0  stm32f3xx_it.o ABSOLUTE
    ..\Src\system_stm32f3xx.c                0x00000000   Number         0  system_stm32f3xx.o ABSOLUTE
    ..\\Drivers\\STM32F3xx_HAL_Driver\\Src\\stm32f3xx_hal_rcc.c 0x00000000   Number         0  stm32f3xx_hal_rcc.o ABSOLUTE
    ..\\bootloder-device\\can_driver.c       0x00000000   Number         0  can_driver.o ABSOLUTE
    ..\\bootloder-device\\device.c           0x00000000   Number         0  device.o ABSOLUTE
    ..\\bootloder-device\\flash.c            0x00000000   Number         0  flash.o ABSOLUTE
    ..\bootloder-device\can_driver.c         0x00000000   Number         0  can_driver.o ABSOLUTE
    ..\bootloder-device\device.c             0x00000000   Number         0  device.o ABSOLUTE
    ..\bootloder-device\flash.c              0x00000000   Number         0  flash.o ABSOLUTE
    dc.s                                     0x00000000   Number         0  dc.o ABSOLUTE
    handlers.s                               0x00000000   Number         0  handlers.o ABSOLUTE
    init.s                                   0x00000000   Number         0  init.o ABSOLUTE
    startup_stm32f302xc.s                    0x00000000   Number         0  startup_stm32f302xc.o ABSOLUTE
    RESET                                    0x08000000   Section      392  startup_stm32f302xc.o(RESET)
    .ARM.Collect$$$$00000000                 0x08000188   Section        0  entry.o(.ARM.Collect$$$$00000000)
    .ARM.Collect$$$$00000001                 0x08000188   Section        4  entry2.o(.ARM.Collect$$$$00000001)
    .ARM.Collect$$$$00000004                 0x0800018c   Section        4  entry5.o(.ARM.Collect$$$$00000004)
    .ARM.Collect$$$$00000008                 0x08000190   Section        0  entry7b.o(.ARM.Collect$$$$00000008)
    .ARM.Collect$$$$0000000A                 0x08000190   Section        0  entry8b.o(.ARM.Collect$$$$0000000A)
    .ARM.Collect$$$$0000000B                 0x08000190   Section        8  entry9a.o(.ARM.Collect$$$$0000000B)
    .ARM.Collect$$$$0000000D                 0x08000198   Section        0  entry10a.o(.ARM.Collect$$$$0000000D)
    .ARM.Collect$$$$0000000F                 0x08000198   Section        0  entry11a.o(.ARM.Collect$$$$0000000F)
    .ARM.Collect$$$$00002712                 0x08000198   Section        4  entry2.o(.ARM.Collect$$$$00002712)
    __lit__00000000                          0x08000198   Data           4  entry2.o(.ARM.Collect$$$$00002712)
    .text                                    0x0800019c   Section       36  startup_stm32f302xc.o(.text)
    $v0                                      0x0800019c   Number         0  startup_stm32f302xc.o(.text)
    .text                                    0x080001c0   Section        0  memcpya.o(.text)
    .text                                    0x080001e4   Section        0  strlen.o(.text)
    .text                                    0x080001f2   Section        0  strncmp.o(.text)
    .text                                    0x08000210   Section       36  init.o(.text)
    i.BusFault_Handler                       0x08000234   Section        0  stm32f3xx_it.o(i.BusFault_Handler)
    i.CAN_RX1_IRQHandler                     0x08000238   Section        0  stm32f3xx_it.o(i.CAN_RX1_IRQHandler)
    i.CAN_Receive_IT                         0x08000248   Section        0  stm32f3xx_hal_can.o(i.CAN_Receive_IT)
    CAN_Receive_IT                           0x08000249   Thumb Code   468  stm32f3xx_hal_can.o(i.CAN_Receive_IT)
    i.CAN_Transmit_IT                        0x0800041c   Section        0  stm32f3xx_hal_can.o(i.CAN_Transmit_IT)
    CAN_Transmit_IT                          0x0800041d   Thumb Code    98  stm32f3xx_hal_can.o(i.CAN_Transmit_IT)
    i.DebugMon_Handler                       0x0800047e   Section        0  stm32f3xx_it.o(i.DebugMon_Handler)
    i.FLASH_MassErase                        0x08000480   Section        0  stm32f3xx_hal_flash_ex.o(i.FLASH_MassErase)
    FLASH_MassErase                          0x08000481   Thumb Code    30  stm32f3xx_hal_flash_ex.o(i.FLASH_MassErase)
    i.FLASH_PageErase                        0x080004a8   Section        0  stm32f3xx_hal_flash_ex.o(i.FLASH_PageErase)
    i.FLASH_Program_HalfWord                 0x080004d0   Section        0  flash.o(i.FLASH_Program_HalfWord)
    FLASH_Program_HalfWord                   0x080004d1   Thumb Code    16  flash.o(i.FLASH_Program_HalfWord)
    i.FLASH_SetErrorCode                     0x080004e4   Section        0  stm32f3xx_hal_flash.o(i.FLASH_SetErrorCode)
    FLASH_SetErrorCode                       0x080004e5   Thumb Code    64  stm32f3xx_hal_flash.o(i.FLASH_SetErrorCode)
    i.FLASH_WaitForLastOperation             0x0800052c   Section        0  stm32f3xx_hal_flash.o(i.FLASH_WaitForLastOperation)
    i.HAL_CAN_ConfigFilter                   0x08000590   Section        0  stm32f3xx_hal_can.o(i.HAL_CAN_ConfigFilter)
    i.HAL_CAN_ErrorCallback                  0x080006aa   Section        0  stm32f3xx_hal_can.o(i.HAL_CAN_ErrorCallback)
    i.HAL_CAN_IRQHandler                     0x080006ac   Section        0  stm32f3xx_hal_can.o(i.HAL_CAN_IRQHandler)
    i.HAL_CAN_Init                           0x080008e4   Section        0  stm32f3xx_hal_can.o(i.HAL_CAN_Init)
    i.HAL_CAN_MspInit                        0x08000aa0   Section        0  can_driver.o(i.HAL_CAN_MspInit)
    i.HAL_CAN_Receive_IT                     0x08000b10   Section        0  stm32f3xx_hal_can.o(i.HAL_CAN_Receive_IT)
    i.HAL_CAN_RxCpltCallback                 0x08000c2e   Section        0  can_driver.o(i.HAL_CAN_RxCpltCallback)
    i.HAL_CAN_Transmit                       0x08000c88   Section        0  stm32f3xx_hal_can.o(i.HAL_CAN_Transmit)
    i.HAL_CAN_TxCpltCallback                 0x08000f48   Section        0  stm32f3xx_hal_can.o(i.HAL_CAN_TxCpltCallback)
    i.HAL_Delay                              0x08000f4a   Section        0  stm32f3xx_hal.o(i.HAL_Delay)
    i.HAL_FLASHEx_Erase                      0x08000f68   Section        0  stm32f3xx_hal_flash_ex.o(i.HAL_FLASHEx_Erase)
    i.HAL_FLASH_Lock                         0x08001018   Section        0  stm32f3xx_hal_flash.o(i.HAL_FLASH_Lock)
    i.HAL_FLASH_Unlock                       0x0800102c   Section        0  stm32f3xx_hal_flash.o(i.HAL_FLASH_Unlock)
    i.HAL_GPIO_Init                          0x08001058   Section        0  stm32f3xx_hal_gpio.o(i.HAL_GPIO_Init)
    i.HAL_GPIO_WritePin                      0x08001224   Section        0  stm32f3xx_hal_gpio.o(i.HAL_GPIO_WritePin)
    i.HAL_GetTick                            0x08001230   Section        0  stm32f3xx_hal.o(i.HAL_GetTick)
    i.HAL_IncTick                            0x0800123c   Section        0  stm32f3xx_hal.o(i.HAL_IncTick)
    i.HAL_Init                               0x0800124c   Section        0  stm32f3xx_hal.o(i.HAL_Init)
    i.HAL_InitTick                           0x08001274   Section        0  stm32f3xx_hal.o(i.HAL_InitTick)
    i.HAL_MspInit                            0x0800129c   Section        0  stm32f3xx_hal_msp.o(i.HAL_MspInit)
    i.HAL_NVIC_EnableIRQ                     0x08001314   Section        0  stm32f3xx_hal_cortex.o(i.HAL_NVIC_EnableIRQ)
    i.HAL_NVIC_SetPriority                   0x0800132e   Section        0  stm32f3xx_hal_cortex.o(i.HAL_NVIC_SetPriority)
    i.HAL_NVIC_SetPriorityGrouping           0x080013ac   Section        0  stm32f3xx_hal_cortex.o(i.HAL_NVIC_SetPriorityGrouping)
    i.HAL_RCC_ClockConfig                    0x080013d4   Section        0  stm32f3xx_hal_rcc.o(i.HAL_RCC_ClockConfig)
    i.HAL_RCC_GetHCLKFreq                    0x080016c0   Section        0  stm32f3xx_hal_rcc.o(i.HAL_RCC_GetHCLKFreq)
    i.HAL_RCC_GetSysClockFreq                0x080016cc   Section        0  stm32f3xx_hal_rcc.o(i.HAL_RCC_GetSysClockFreq)
    i.HAL_RCC_OscConfig                      0x08001758   Section        0  stm32f3xx_hal_rcc.o(i.HAL_RCC_OscConfig)
    i.HAL_SYSTICK_CLKSourceConfig            0x08002158   Section        0  stm32f3xx_hal_cortex.o(i.HAL_SYSTICK_CLKSourceConfig)
    i.HAL_SYSTICK_Callback                   0x08002180   Section        0  stm32f3xx_hal_cortex.o(i.HAL_SYSTICK_Callback)
    i.HAL_SYSTICK_Config                     0x08002182   Section        0  stm32f3xx_hal_cortex.o(i.HAL_SYSTICK_Config)
    i.HAL_SYSTICK_IRQHandler                 0x080021b6   Section        0  stm32f3xx_hal_cortex.o(i.HAL_SYSTICK_IRQHandler)
    i.HardFault_Handler                      0x080021be   Section        0  stm32f3xx_it.o(i.HardFault_Handler)
    i.MX_GPIO_Init                           0x080021c4   Section        0  main.o(i.MX_GPIO_Init)
    MX_GPIO_Init                             0x080021c5   Thumb Code   124  main.o(i.MX_GPIO_Init)
    i.MemManage_Handler                      0x08002248   Section        0  stm32f3xx_it.o(i.MemManage_Handler)
    i.NMI_Handler                            0x0800224c   Section        0  stm32f3xx_it.o(i.NMI_Handler)
    i.NVIC_GetPriorityGrouping               0x08002250   Section        0  stm32f3xx_hal_cortex.o(i.NVIC_GetPriorityGrouping)
    NVIC_GetPriorityGrouping                 0x08002251   Thumb Code    10  stm32f3xx_hal_cortex.o(i.NVIC_GetPriorityGrouping)
    i.NVIC_SetPriority                       0x08002260   Section        0  stm32f3xx_hal_cortex.o(i.NVIC_SetPriority)
    NVIC_SetPriority                         0x08002261   Thumb Code    32  stm32f3xx_hal_cortex.o(i.NVIC_SetPriority)
    i.PendSV_Handler                         0x08002288   Section        0  stm32f3xx_it.o(i.PendSV_Handler)
    i.SVC_Handler                            0x0800228a   Section        0  stm32f3xx_it.o(i.SVC_Handler)
    i.SysTick_Handler                        0x0800228c   Section        0  stm32f3xx_it.o(i.SysTick_Handler)
    i.SystemClock_Config                     0x08002298   Section        0  main.o(i.SystemClock_Config)
    i.SystemInit                             0x0800232c   Section        0  system_stm32f3xx.o(i.SystemInit)
    i.USB_LP_CAN_RX0_IRQHandler              0x080023a8   Section        0  stm32f3xx_it.o(i.USB_LP_CAN_RX0_IRQHandler)
    i.UsageFault_Handler                     0x080023b8   Section        0  stm32f3xx_it.o(i.UsageFault_Handler)
    i._Error_Handler                         0x080023bc   Section        0  main.o(i._Error_Handler)
    i.__scatterload_copy                     0x080023c0   Section       14  handlers.o(i.__scatterload_copy)
    i.__scatterload_null                     0x080023ce   Section        2  handlers.o(i.__scatterload_null)
    i.__scatterload_zeroinit                 0x080023d0   Section       14  handlers.o(i.__scatterload_zeroinit)
    i.canDispatch                            0x080023e0   Section        0  device.o(i.canDispatch)
    i.canInit                                0x080026dc   Section        0  can_driver.o(i.canInit)
    i.canSend                                0x080027a0   Section        0  can_driver.o(i.canSend)
    i.config_load                            0x08002800   Section        0  flash.o(i.config_load)
    i.config_verify                          0x08002818   Section        0  flash.o(i.config_verify)
    i.device_GetNodeid                       0x08002840   Section        0  device.o(i.device_GetNodeid)
    i.device_GetTrigger                      0x0800284c   Section        0  device.o(i.device_GetTrigger)
    i.device_Init                            0x08002858   Section        0  device.o(i.device_Init)
    i.device_Run                             0x080028c4   Section        0  device.o(i.device_Run)
    i.device_SendInfo                        0x08002984   Section        0  device.o(i.device_SendInfo)
    i.device_SetInfo                         0x08002a04   Section        0  device.o(i.device_SetInfo)
    i.device_SetTrigger                      0x08002aa4   Section        0  device.o(i.device_SetTrigger)
    i.flash_erase_bytes                      0x08002adc   Section        0  flash.o(i.flash_erase_bytes)
    i.flash_read_bytes                       0x08002b0e   Section        0  flash.o(i.flash_read_bytes)
    i.flash_write_halfwords                  0x08002b28   Section        0  flash.o(i.flash_write_halfwords)
    i.hex_convert                            0x08002b80   Section        0  can_driver.o(i.hex_convert)
    i.main                                   0x08002ba0   Section        0  main.o(i.main)
    i.malloc                                 0x08002c20   Section        0  malloc.o(i.malloc)
    i.printSCI_nbr                           0x08002c8c   Section        0  can_driver.o(i.printSCI_nbr)
    i.printSCI_str                           0x08002d0a   Section        0  can_driver.o(i.printSCI_str)
    i.proceedCMD                             0x08002d6c   Section        0  device.o(i.proceedCMD)
    i.tx_ack                                 0x08002df0   Section        0  device.o(i.tx_ack)
    i.uploading                              0x08002e34   Section        0  device.o(i.uploading)
    .constdata                               0x08002fb4   Section       32  stm32f3xx_hal_rcc.o(.constdata)
    .constdata                               0x08002fd4   Section       12  device.o(.constdata)
    .constdata                               0x08002fe0   Section       24  system_stm32f3xx.o(.constdata)
    .data                                    0x20000000   Section        4  stm32f3xx_hal.o(.data)
    .data                                    0x20000004   Section       47  device.o(.data)
    .data                                    0x20000034   Section        4  system_stm32f3xx.o(.data)
    .data                                    0x20000038   Section        4  mvars.o(.data)
    .data                                    0x2000003c   Section        4  mvars.o(.data)
    .bss                                     0x20000040   Section       32  stm32f3xx_hal_flash.o(.bss)
    .bss                                     0x20000060   Section       68  can_driver.o(.bss)
    .bss                                     0x200000a4   Section     2240  device.o(.bss)
    .bss                                     0x20000964   Section      256  flash.o(.bss)
    HEAP                                     0x20000a68   Section      512  startup_stm32f302xc.o(HEAP)
    STACK                                    0x20000c68   Section     1024  startup_stm32f302xc.o(STACK)

    Global Symbols

    Symbol Name                              Value     Ov Type        Size  Object(Section)

    BuildAttributes$$THM_ISAv4$E$P$D$K$B$S$7EM$VFPi3$EXTD16$VFPS$VFMA$PE$A:L22UL41UL21$X:L11$S22US41US21$IEEE1$IW$USESV6$~STKCKD$USESV7$~SHL$OSPACE$EBA8$MICROLIB$REQ8$PRES8$EABIv2 0x00000000   Number         0  anon$$obj.o ABSOLUTE
    __ARM_use_no_argv                        0x00000000   Number         0  main.o ABSOLUTE
    __cpp_initialize__aeabi_                  - Undefined Weak Reference
    __cxa_finalize                            - Undefined Weak Reference
    __decompress                              - Undefined Weak Reference
    _clock_init                               - Undefined Weak Reference
    _microlib_exit                            - Undefined Weak Reference
    __Vectors_Size                           0x00000188   Number         0  startup_stm32f302xc.o ABSOLUTE
    __Vectors                                0x08000000   Data           4  startup_stm32f302xc.o(RESET)
    __Vectors_End                            0x08000188   Data           0  startup_stm32f302xc.o(RESET)
    __main                                   0x08000189   Thumb Code     0  entry.o(.ARM.Collect$$$$00000000)
    _main_stk                                0x08000189   Thumb Code     0  entry2.o(.ARM.Collect$$$$00000001)
    _main_scatterload                        0x0800018d   Thumb Code     0  entry5.o(.ARM.Collect$$$$00000004)
    __main_after_scatterload                 0x08000191   Thumb Code     0  entry5.o(.ARM.Collect$$$$00000004)
    _main_clock                              0x08000191   Thumb Code     0  entry7b.o(.ARM.Collect$$$$00000008)
    _main_cpp_init                           0x08000191   Thumb Code     0  entry8b.o(.ARM.Collect$$$$0000000A)
    _main_init                               0x08000191   Thumb Code     0  entry9a.o(.ARM.Collect$$$$0000000B)
    __rt_final_cpp                           0x08000199   Thumb Code     0  entry10a.o(.ARM.Collect$$$$0000000D)
    __rt_final_exit                          0x08000199   Thumb Code     0  entry11a.o(.ARM.Collect$$$$0000000F)
    Reset_Handler                            0x0800019d   Thumb Code     8  startup_stm32f302xc.o(.text)
    ADC1_2_IRQHandler                        0x080001b7   Thumb Code     0  startup_stm32f302xc.o(.text)
    CAN_SCE_IRQHandler                       0x080001b7   Thumb Code     0  startup_stm32f302xc.o(.text)
    COMP1_2_IRQHandler                       0x080001b7   Thumb Code     0  startup_stm32f302xc.o(.text)
    COMP4_6_IRQHandler                       0x080001b7   Thumb Code     0  startup_stm32f302xc.o(.text)
    DMA1_Channel1_IRQHandler                 0x080001b7   Thumb Code     0  startup_stm32f302xc.o(.text)
    DMA1_Channel2_IRQHandler                 0x080001b7   Thumb Code     0  startup_stm32f302xc.o(.text)
    DMA1_Channel3_IRQHandler                 0x080001b7   Thumb Code     0  startup_stm32f302xc.o(.text)
    DMA1_Channel4_IRQHandler                 0x080001b7   Thumb Code     0  startup_stm32f302xc.o(.text)
    DMA1_Channel5_IRQHandler                 0x080001b7   Thumb Code     0  startup_stm32f302xc.o(.text)
    DMA1_Channel6_IRQHandler                 0x080001b7   Thumb Code     0  startup_stm32f302xc.o(.text)
    DMA1_Channel7_IRQHandler                 0x080001b7   Thumb Code     0  startup_stm32f302xc.o(.text)
    DMA2_Channel1_IRQHandler                 0x080001b7   Thumb Code     0  startup_stm32f302xc.o(.text)
    DMA2_Channel2_IRQHandler                 0x080001b7   Thumb Code     0  startup_stm32f302xc.o(.text)
    DMA2_Channel3_IRQHandler                 0x080001b7   Thumb Code     0  startup_stm32f302xc.o(.text)
    DMA2_Channel4_IRQHandler                 0x080001b7   Thumb Code     0  startup_stm32f302xc.o(.text)
    DMA2_Channel5_IRQHandler                 0x080001b7   Thumb Code     0  startup_stm32f302xc.o(.text)
    EXTI0_IRQHandler                         0x080001b7   Thumb Code     0  startup_stm32f302xc.o(.text)
    EXTI15_10_IRQHandler                     0x080001b7   Thumb Code     0  startup_stm32f302xc.o(.text)
    EXTI1_IRQHandler                         0x080001b7   Thumb Code     0  startup_stm32f302xc.o(.text)
    EXTI2_TSC_IRQHandler                     0x080001b7   Thumb Code     0  startup_stm32f302xc.o(.text)
    EXTI3_IRQHandler                         0x080001b7   Thumb Code     0  startup_stm32f302xc.o(.text)
    EXTI4_IRQHandler                         0x080001b7   Thumb Code     0  startup_stm32f302xc.o(.text)
    EXTI9_5_IRQHandler                       0x080001b7   Thumb Code     0  startup_stm32f302xc.o(.text)
    FLASH_IRQHandler                         0x080001b7   Thumb Code     0  startup_stm32f302xc.o(.text)
    FPU_IRQHandler                           0x080001b7   Thumb Code     0  startup_stm32f302xc.o(.text)
    I2C1_ER_IRQHandler                       0x080001b7   Thumb Code     0  startup_stm32f302xc.o(.text)
    I2C1_EV_IRQHandler                       0x080001b7   Thumb Code     0  startup_stm32f302xc.o(.text)
    I2C2_ER_IRQHandler                       0x080001b7   Thumb Code     0  startup_stm32f302xc.o(.text)
    I2C2_EV_IRQHandler                       0x080001b7   Thumb Code     0  startup_stm32f302xc.o(.text)
    PVD_IRQHandler                           0x080001b7   Thumb Code     0  startup_stm32f302xc.o(.text)
    RCC_IRQHandler                           0x080001b7   Thumb Code     0  startup_stm32f302xc.o(.text)
    RTC_Alarm_IRQHandler                     0x080001b7   Thumb Code     0  startup_stm32f302xc.o(.text)
    RTC_WKUP_IRQHandler                      0x080001b7   Thumb Code     0  startup_stm32f302xc.o(.text)
    SPI1_IRQHandler                          0x080001b7   Thumb Code     0  startup_stm32f302xc.o(.text)
    SPI2_IRQHandler                          0x080001b7   Thumb Code     0  startup_stm32f302xc.o(.text)
    SPI3_IRQHandler                          0x080001b7   Thumb Code     0  startup_stm32f302xc.o(.text)
    TAMP_STAMP_IRQHandler                    0x080001b7   Thumb Code     0  startup_stm32f302xc.o(.text)
    TIM1_BRK_TIM15_IRQHandler                0x080001b7   Thumb Code     0  startup_stm32f302xc.o(.text)
    TIM1_CC_IRQHandler                       0x080001b7   Thumb Code     0  startup_stm32f302xc.o(.text)
    TIM1_TRG_COM_TIM17_IRQHandler            0x080001b7   Thumb Code     0  startup_stm32f302xc.o(.text)
    TIM1_UP_TIM16_IRQHandler                 0x080001b7   Thumb Code     0  startup_stm32f302xc.o(.text)
    TIM2_IRQHandler                          0x080001b7   Thumb Code     0  startup_stm32f302xc.o(.text)
    TIM3_IRQHandler                          0x080001b7   Thumb Code     0  startup_stm32f302xc.o(.text)
    TIM4_IRQHandler                          0x080001b7   Thumb Code     0  startup_stm32f302xc.o(.text)
    TIM6_DAC_IRQHandler                      0x080001b7   Thumb Code     0  startup_stm32f302xc.o(.text)
    UART4_IRQHandler                         0x080001b7   Thumb Code     0  startup_stm32f302xc.o(.text)
    UART5_IRQHandler                         0x080001b7   Thumb Code     0  startup_stm32f302xc.o(.text)
    USART1_IRQHandler                        0x080001b7   Thumb Code     0  startup_stm32f302xc.o(.text)
    USART2_IRQHandler                        0x080001b7   Thumb Code     0  startup_stm32f302xc.o(.text)
    USART3_IRQHandler                        0x080001b7   Thumb Code     0  startup_stm32f302xc.o(.text)
    USBWakeUp_IRQHandler                     0x080001b7   Thumb Code     0  startup_stm32f302xc.o(.text)
    USBWakeUp_RMP_IRQHandler                 0x080001b7   Thumb Code     0  startup_stm32f302xc.o(.text)
    USB_HP_CAN_TX_IRQHandler                 0x080001b7   Thumb Code     0  startup_stm32f302xc.o(.text)
    USB_HP_IRQHandler                        0x080001b7   Thumb Code     0  startup_stm32f302xc.o(.text)
    USB_LP_IRQHandler                        0x080001b7   Thumb Code     0  startup_stm32f302xc.o(.text)
    WWDG_IRQHandler                          0x080001b7   Thumb Code     0  startup_stm32f302xc.o(.text)
    __aeabi_memcpy                           0x080001c1   Thumb Code    36  memcpya.o(.text)
    __aeabi_memcpy4                          0x080001c1   Thumb Code     0  memcpya.o(.text)
    __aeabi_memcpy8                          0x080001c1   Thumb Code     0  memcpya.o(.text)
    strlen                                   0x080001e5   Thumb Code    14  strlen.o(.text)
    strncmp                                  0x080001f3   Thumb Code    30  strncmp.o(.text)
    __scatterload                            0x08000211   Thumb Code    28  init.o(.text)
    __scatterload_rt2                        0x08000211   Thumb Code     0  init.o(.text)
    BusFault_Handler                         0x08000235   Thumb Code     4  stm32f3xx_it.o(i.BusFault_Handler)
    CAN_RX1_IRQHandler                       0x08000239   Thumb Code    10  stm32f3xx_it.o(i.CAN_RX1_IRQHandler)
    DebugMon_Handler                         0x0800047f   Thumb Code     2  stm32f3xx_it.o(i.DebugMon_Handler)
    FLASH_PageErase                          0x080004a9   Thumb Code    32  stm32f3xx_hal_flash_ex.o(i.FLASH_PageErase)
    FLASH_WaitForLastOperation               0x0800052d   Thumb Code    96  stm32f3xx_hal_flash.o(i.FLASH_WaitForLastOperation)
    HAL_CAN_ConfigFilter                     0x08000591   Thumb Code   282  stm32f3xx_hal_can.o(i.HAL_CAN_ConfigFilter)
    HAL_CAN_ErrorCallback                    0x080006ab   Thumb Code     2  stm32f3xx_hal_can.o(i.HAL_CAN_ErrorCallback)
    HAL_CAN_IRQHandler                       0x080006ad   Thumb Code   550  stm32f3xx_hal_can.o(i.HAL_CAN_IRQHandler)
    HAL_CAN_Init                             0x080008e5   Thumb Code   444  stm32f3xx_hal_can.o(i.HAL_CAN_Init)
    HAL_CAN_MspInit                          0x08000aa1   Thumb Code   102  can_driver.o(i.HAL_CAN_MspInit)
    HAL_CAN_Receive_IT                       0x08000b11   Thumb Code   286  stm32f3xx_hal_can.o(i.HAL_CAN_Receive_IT)
    HAL_CAN_RxCpltCallback                   0x08000c2f   Thumb Code    90  can_driver.o(i.HAL_CAN_RxCpltCallback)
    HAL_CAN_Transmit                         0x08000c89   Thumb Code   692  stm32f3xx_hal_can.o(i.HAL_CAN_Transmit)
    HAL_CAN_TxCpltCallback                   0x08000f49   Thumb Code     2  stm32f3xx_hal_can.o(i.HAL_CAN_TxCpltCallback)
    HAL_Delay                                0x08000f4b   Thumb Code    30  stm32f3xx_hal.o(i.HAL_Delay)
    HAL_FLASHEx_Erase                        0x08000f69   Thumb Code   166  stm32f3xx_hal_flash_ex.o(i.HAL_FLASHEx_Erase)
    HAL_FLASH_Lock                           0x08001019   Thumb Code    16  stm32f3xx_hal_flash.o(i.HAL_FLASH_Lock)
    HAL_FLASH_Unlock                         0x0800102d   Thumb Code    30  stm32f3xx_hal_flash.o(i.HAL_FLASH_Unlock)
    HAL_GPIO_Init                            0x08001059   Thumb Code   432  stm32f3xx_hal_gpio.o(i.HAL_GPIO_Init)
    HAL_GPIO_WritePin                        0x08001225   Thumb Code    10  stm32f3xx_hal_gpio.o(i.HAL_GPIO_WritePin)
    HAL_GetTick                              0x08001231   Thumb Code     6  stm32f3xx_hal.o(i.HAL_GetTick)
    HAL_IncTick                              0x0800123d   Thumb Code    12  stm32f3xx_hal.o(i.HAL_IncTick)
    HAL_Init                                 0x0800124d   Thumb Code    34  stm32f3xx_hal.o(i.HAL_Init)
    HAL_InitTick                             0x08001275   Thumb Code    36  stm32f3xx_hal.o(i.HAL_InitTick)
    HAL_MspInit                              0x0800129d   Thumb Code   114  stm32f3xx_hal_msp.o(i.HAL_MspInit)
    HAL_NVIC_EnableIRQ                       0x08001315   Thumb Code    26  stm32f3xx_hal_cortex.o(i.HAL_NVIC_EnableIRQ)
    HAL_NVIC_SetPriority                     0x0800132f   Thumb Code   124  stm32f3xx_hal_cortex.o(i.HAL_NVIC_SetPriority)
    HAL_NVIC_SetPriorityGrouping             0x080013ad   Thumb Code    32  stm32f3xx_hal_cortex.o(i.HAL_NVIC_SetPriorityGrouping)
    HAL_RCC_ClockConfig                      0x080013d5   Thumb Code   732  stm32f3xx_hal_rcc.o(i.HAL_RCC_ClockConfig)
    HAL_RCC_GetHCLKFreq                      0x080016c1   Thumb Code     6  stm32f3xx_hal_rcc.o(i.HAL_RCC_GetHCLKFreq)
    HAL_RCC_GetSysClockFreq                  0x080016cd   Thumb Code   120  stm32f3xx_hal_rcc.o(i.HAL_RCC_GetSysClockFreq)
    HAL_RCC_OscConfig                        0x08001759   Thumb Code  2550  stm32f3xx_hal_rcc.o(i.HAL_RCC_OscConfig)
    HAL_SYSTICK_CLKSourceConfig              0x08002159   Thumb Code    40  stm32f3xx_hal_cortex.o(i.HAL_SYSTICK_CLKSourceConfig)
    HAL_SYSTICK_Callback                     0x08002181   Thumb Code     2  stm32f3xx_hal_cortex.o(i.HAL_SYSTICK_Callback)
    HAL_SYSTICK_Config                       0x08002183   Thumb Code    52  stm32f3xx_hal_cortex.o(i.HAL_SYSTICK_Config)
    HAL_SYSTICK_IRQHandler                   0x080021b7   Thumb Code     8  stm32f3xx_hal_cortex.o(i.HAL_SYSTICK_IRQHandler)
    HardFault_Handler                        0x080021bf   Thumb Code     4  stm32f3xx_it.o(i.HardFault_Handler)
    MemManage_Handler                        0x08002249   Thumb Code     4  stm32f3xx_it.o(i.MemManage_Handler)
    NMI_Handler                              0x0800224d   Thumb Code     2  stm32f3xx_it.o(i.NMI_Handler)
    PendSV_Handler                           0x08002289   Thumb Code     2  stm32f3xx_it.o(i.PendSV_Handler)
    SVC_Handler                              0x0800228b   Thumb Code     2  stm32f3xx_it.o(i.SVC_Handler)
    SysTick_Handler                          0x0800228d   Thumb Code    12  stm32f3xx_it.o(i.SysTick_Handler)
    SystemClock_Config                       0x08002299   Thumb Code   130  main.o(i.SystemClock_Config)
    SystemInit                               0x0800232d   Thumb Code   104  system_stm32f3xx.o(i.SystemInit)
    USB_LP_CAN_RX0_IRQHandler                0x080023a9   Thumb Code    10  stm32f3xx_it.o(i.USB_LP_CAN_RX0_IRQHandler)
    UsageFault_Handler                       0x080023b9   Thumb Code     4  stm32f3xx_it.o(i.UsageFault_Handler)
    _Error_Handler                           0x080023bd   Thumb Code     4  main.o(i._Error_Handler)
    __scatterload_copy                       0x080023c1   Thumb Code    14  handlers.o(i.__scatterload_copy)
    __scatterload_null                       0x080023cf   Thumb Code     2  handlers.o(i.__scatterload_null)
    __scatterload_zeroinit                   0x080023d1   Thumb Code    14  handlers.o(i.__scatterload_zeroinit)
    canDispatch                              0x080023e1   Thumb Code   674  device.o(i.canDispatch)
    canInit                                  0x080026dd   Thumb Code   156  can_driver.o(i.canInit)
    canSend                                  0x080027a1   Thumb Code    90  can_driver.o(i.canSend)
    config_load                              0x08002801   Thumb Code    16  flash.o(i.config_load)
    config_verify                            0x08002819   Thumb Code    30  flash.o(i.config_verify)
    device_GetNodeid                         0x08002841   Thumb Code     6  device.o(i.device_GetNodeid)
    device_GetTrigger                        0x0800284d   Thumb Code     6  device.o(i.device_GetTrigger)
    device_Init                              0x08002859   Thumb Code    84  device.o(i.device_Init)
    device_Run                               0x080028c5   Thumb Code   118  device.o(i.device_Run)
    device_SendInfo                          0x08002985   Thumb Code   112  device.o(i.device_SendInfo)
    device_SetInfo                           0x08002a05   Thumb Code   140  device.o(i.device_SetInfo)
    device_SetTrigger                        0x08002aa5   Thumb Code    48  device.o(i.device_SetTrigger)
    flash_erase_bytes                        0x08002add   Thumb Code    50  flash.o(i.flash_erase_bytes)
    flash_read_bytes                         0x08002b0f   Thumb Code    24  flash.o(i.flash_read_bytes)
    flash_write_halfwords                    0x08002b29   Thumb Code    84  flash.o(i.flash_write_halfwords)
    hex_convert                              0x08002b81   Thumb Code    30  can_driver.o(i.hex_convert)
    main                                     0x08002ba1   Thumb Code    98  main.o(i.main)
    malloc                                   0x08002c21   Thumb Code    92  malloc.o(i.malloc)
    printSCI_nbr                             0x08002c8d   Thumb Code   126  can_driver.o(i.printSCI_nbr)
    printSCI_str                             0x08002d0b   Thumb Code    98  can_driver.o(i.printSCI_str)
    proceedCMD                               0x08002d6d   Thumb Code   122  device.o(i.proceedCMD)
    tx_ack                                   0x08002df1   Thumb Code    64  device.o(i.tx_ack)
    uploading                                0x08002e35   Thumb Code   342  device.o(i.uploading)
    aPLLMULFactorTable                       0x08002fb4   Data          16  stm32f3xx_hal_rcc.o(.constdata)
    aPredivFactorTable                       0x08002fc4   Data          16  stm32f3xx_hal_rcc.o(.constdata)
    AHBPrescTable                            0x08002fe0   Data          16  system_stm32f3xx.o(.constdata)
    APBPrescTable                            0x08002ff0   Data           8  system_stm32f3xx.o(.constdata)
    Region$$Table$$Base                      0x08002ff8   Number         0  anon$$obj.o(Region$$Table)
    Region$$Table$$Limit                     0x08003018   Number         0  anon$$obj.o(Region$$Table)
    uwTick                                   0x20000000   Data           4  stm32f3xx_hal.o(.data)
    nodeid                                   0x20000004   Data           2  device.o(.data)
    Firmware_Version                         0x20000008   Data           4  device.o(.data)
    Firmware_UpdateFlag                      0x2000000c   Data           4  device.o(.data)
    Firmware_FlashAdress                     0x20000010   Data           4  device.o(.data)
    Firmware_FlashByteNbr                    0x20000014   Data           4  device.o(.data)
    download_addr                            0x20000018   Data           4  device.o(.data)
    download_len                             0x2000001c   Data           4  device.o(.data)
    downloaded_len                           0x20000020   Data           4  device.o(.data)
    upload_addr                              0x20000024   Data           4  device.o(.data)
    upload_len                               0x20000028   Data           4  device.o(.data)
    uploaded_len                             0x2000002c   Data           4  device.o(.data)
    bootloader_trigged                       0x20000030   Data           1  device.o(.data)
    ack_1                                    0x20000031   Data           1  device.o(.data)
    ack_0                                    0x20000032   Data           1  device.o(.data)
    SystemCoreClock                          0x20000034   Data           4  system_stm32f3xx.o(.data)
    __microlib_freelist                      0x20000038   Data           4  mvars.o(.data)
    __microlib_freelist_initialised          0x2000003c   Data           4  mvars.o(.data)
    pFlash                                   0x20000040   Data          32  stm32f3xx_hal_flash.o(.bss)
    hcan                                     0x20000060   Data          68  can_driver.o(.bss)
    download_buf                             0x200000a4   Data        1120  device.o(.bss)
    upload_buf                               0x20000504   Data        1120  device.o(.bss)
    config_buf                               0x20000964   Data         256  flash.o(.bss)
    __heap_base                              0x20000a68   Data           0  startup_stm32f302xc.o(HEAP)
    __heap_limit                             0x20000c68   Data           0  startup_stm32f302xc.o(HEAP)
    __initial_sp                             0x20001068   Data           0  startup_stm32f302xc.o(STACK)



==============================================================================

Memory Map of the image

  Image Entry point : 0x08000189

  Load Region LR_IROM1 (Base: 0x08000000, Size: 0x00003058, Max: 0x00020000, ABSOLUTE)

    Execution Region ER_IROM1 (Base: 0x08000000, Size: 0x00003018, Max: 0x00020000, ABSOLUTE)

    Base Addr    Size         Type   Attr      Idx    E Section Name        Object

    0x08000000   0x00000188   Data   RO         1192    RESET               startup_stm32f302xc.o
    0x08000188   0x00000000   Code   RO         1350  * .ARM.Collect$$$$00000000  mc_w.l(entry.o)
    0x08000188   0x00000004   Code   RO         1391    .ARM.Collect$$$$00000001  mc_w.l(entry2.o)
    0x0800018c   0x00000004   Code   RO         1394    .ARM.Collect$$$$00000004  mc_w.l(entry5.o)
    0x08000190   0x00000000   Code   RO         1396    .ARM.Collect$$$$00000008  mc_w.l(entry7b.o)
    0x08000190   0x00000000   Code   RO         1398    .ARM.Collect$$$$0000000A  mc_w.l(entry8b.o)
    0x08000190   0x00000008   Code   RO         1399    .ARM.Collect$$$$0000000B  mc_w.l(entry9a.o)
    0x08000198   0x00000000   Code   RO         1401    .ARM.Collect$$$$0000000D  mc_w.l(entry10a.o)
    0x08000198   0x00000000   Code   RO         1403    .ARM.Collect$$$$0000000F  mc_w.l(entry11a.o)
    0x08000198   0x00000004   Code   RO         1392    .ARM.Collect$$$$00002712  mc_w.l(entry2.o)
    0x0800019c   0x00000024   Code   RO         1193    .text               startup_stm32f302xc.o
    0x080001c0   0x00000024   Code   RO         1355    .text               mc_w.l(memcpya.o)
    0x080001e4   0x0000000e   Code   RO         1357    .text               mc_w.l(strlen.o)
    0x080001f2   0x0000001e   Code   RO         1359    .text               mc_w.l(strncmp.o)
    0x08000210   0x00000024   Code   RO         1407    .text               mc_w.l(init.o)
    0x08000234   0x00000004   Code   RO         1200    i.BusFault_Handler  stm32f3xx_it.o
    0x08000238   0x00000010   Code   RO         1201    i.CAN_RX1_IRQHandler  stm32f3xx_it.o
    0x08000248   0x000001d4   Code   RO            4    i.CAN_Receive_IT    stm32f3xx_hal_can.o
    0x0800041c   0x00000062   Code   RO            5    i.CAN_Transmit_IT   stm32f3xx_hal_can.o
    0x0800047e   0x00000002   Code   RO         1202    i.DebugMon_Handler  stm32f3xx_it.o
    0x08000480   0x00000028   Code   RO          583    i.FLASH_MassErase   stm32f3xx_hal_flash_ex.o
    0x080004a8   0x00000028   Code   RO          592    i.FLASH_PageErase   stm32f3xx_hal_flash_ex.o
    0x080004d0   0x00000014   Code   RO         1091    i.FLASH_Program_HalfWord  flash.o
    0x080004e4   0x00000048   Code   RO          690    i.FLASH_SetErrorCode  stm32f3xx_hal_flash.o
    0x0800052c   0x00000064   Code   RO          691    i.FLASH_WaitForLastOperation  stm32f3xx_hal_flash.o
    0x08000590   0x0000011a   Code   RO            6    i.HAL_CAN_ConfigFilter  stm32f3xx_hal_can.o
    0x080006aa   0x00000002   Code   RO            8    i.HAL_CAN_ErrorCallback  stm32f3xx_hal_can.o
    0x080006ac   0x00000238   Code   RO           11    i.HAL_CAN_IRQHandler  stm32f3xx_hal_can.o
    0x080008e4   0x000001bc   Code   RO           12    i.HAL_CAN_Init      stm32f3xx_hal_can.o
    0x08000aa0   0x00000070   Code   RO          898    i.HAL_CAN_MspInit   can_driver.o
    0x08000b10   0x0000011e   Code   RO           16    i.HAL_CAN_Receive_IT  stm32f3xx_hal_can.o
    0x08000c2e   0x0000005a   Code   RO          899    i.HAL_CAN_RxCpltCallback  can_driver.o
    0x08000c88   0x000002c0   Code   RO           19    i.HAL_CAN_Transmit  stm32f3xx_hal_can.o
    0x08000f48   0x00000002   Code   RO           21    i.HAL_CAN_TxCpltCallback  stm32f3xx_hal_can.o
    0x08000f4a   0x0000001e   Code   RO          231    i.HAL_Delay         stm32f3xx_hal.o
    0x08000f68   0x000000b0   Code   RO          593    i.HAL_FLASHEx_Erase  stm32f3xx_hal_flash_ex.o
    0x08001018   0x00000014   Code   RO          695    i.HAL_FLASH_Lock    stm32f3xx_hal_flash.o
    0x0800102c   0x0000002c   Code   RO          702    i.HAL_FLASH_Unlock  stm32f3xx_hal_flash.o
    0x08001058   0x000001cc   Code   RO          380    i.HAL_GPIO_Init     stm32f3xx_hal_gpio.o
    0x08001224   0x0000000a   Code   RO          384    i.HAL_GPIO_WritePin  stm32f3xx_hal_gpio.o
    0x0800122e   0x00000002   PAD
    0x08001230   0x0000000c   Code   RO          235    i.HAL_GetTick       stm32f3xx_hal.o
    0x0800123c   0x00000010   Code   RO          239    i.HAL_IncTick       stm32f3xx_hal.o
    0x0800124c   0x00000028   Code   RO          240    i.HAL_Init          stm32f3xx_hal.o
    0x08001274   0x00000028   Code   RO          241    i.HAL_InitTick      stm32f3xx_hal.o
    0x0800129c   0x00000078   Code   RO         1329    i.HAL_MspInit       stm32f3xx_hal_msp.o
    0x08001314   0x0000001a   Code   RO          448    i.HAL_NVIC_EnableIRQ  stm32f3xx_hal_cortex.o
    0x0800132e   0x0000007c   Code   RO          454    i.HAL_NVIC_SetPriority  stm32f3xx_hal_cortex.o
    0x080013aa   0x00000002   PAD
    0x080013ac   0x00000028   Code   RO          455    i.HAL_NVIC_SetPriorityGrouping  stm32f3xx_hal_cortex.o
    0x080013d4   0x000002ec   Code   RO          793    i.HAL_RCC_ClockConfig  stm32f3xx_hal_rcc.o
    0x080016c0   0x0000000c   Code   RO          798    i.HAL_RCC_GetHCLKFreq  stm32f3xx_hal_rcc.o
    0x080016cc   0x0000008c   Code   RO          802    i.HAL_RCC_GetSysClockFreq  stm32f3xx_hal_rcc.o
    0x08001758   0x00000a00   Code   RO          805    i.HAL_RCC_OscConfig  stm32f3xx_hal_rcc.o
    0x08002158   0x00000028   Code   RO          457    i.HAL_SYSTICK_CLKSourceConfig  stm32f3xx_hal_cortex.o
    0x08002180   0x00000002   Code   RO          458    i.HAL_SYSTICK_Callback  stm32f3xx_hal_cortex.o
    0x08002182   0x00000034   Code   RO          459    i.HAL_SYSTICK_Config  stm32f3xx_hal_cortex.o
    0x080021b6   0x00000008   Code   RO          460    i.HAL_SYSTICK_IRQHandler  stm32f3xx_hal_cortex.o
    0x080021be   0x00000004   Code   RO         1203    i.HardFault_Handler  stm32f3xx_it.o
    0x080021c2   0x00000002   PAD
    0x080021c4   0x00000084   Code   RO         1288    i.MX_GPIO_Init      main.o
    0x08002248   0x00000004   Code   RO         1204    i.MemManage_Handler  stm32f3xx_it.o
    0x0800224c   0x00000002   Code   RO         1205    i.NMI_Handler       stm32f3xx_it.o
    0x0800224e   0x00000002   PAD
    0x08002250   0x00000010   Code   RO          461    i.NVIC_GetPriorityGrouping  stm32f3xx_hal_cortex.o
    0x08002260   0x00000028   Code   RO          462    i.NVIC_SetPriority  stm32f3xx_hal_cortex.o
    0x08002288   0x00000002   Code   RO         1206    i.PendSV_Handler    stm32f3xx_it.o
    0x0800228a   0x00000002   Code   RO         1207    i.SVC_Handler       stm32f3xx_it.o
    0x0800228c   0x0000000c   Code   RO         1208    i.SysTick_Handler   stm32f3xx_it.o
    0x08002298   0x00000094   Code   RO         1289    i.SystemClock_Config  main.o
    0x0800232c   0x0000007c   Code   RO         1157    i.SystemInit        system_stm32f3xx.o
    0x080023a8   0x00000010   Code   RO         1209    i.USB_LP_CAN_RX0_IRQHandler  stm32f3xx_it.o
    0x080023b8   0x00000004   Code   RO         1210    i.UsageFault_Handler  stm32f3xx_it.o
    0x080023bc   0x00000004   Code   RO         1290    i._Error_Handler    main.o
    0x080023c0   0x0000000e   Code   RO         1411    i.__scatterload_copy  mc_w.l(handlers.o)
    0x080023ce   0x00000002   Code   RO         1412    i.__scatterload_null  mc_w.l(handlers.o)
    0x080023d0   0x0000000e   Code   RO         1413    i.__scatterload_zeroinit  mc_w.l(handlers.o)
    0x080023de   0x00000002   PAD
    0x080023e0   0x000002fc   Code   RO          982    i.canDispatch       device.o
    0x080026dc   0x000000c4   Code   RO          900    i.canInit           can_driver.o
    0x080027a0   0x00000060   Code   RO          901    i.canSend           can_driver.o
    0x08002800   0x00000018   Code   RO         1092    i.config_load       flash.o
    0x08002818   0x00000028   Code   RO         1093    i.config_verify     flash.o
    0x08002840   0x0000000c   Code   RO          983    i.device_GetNodeid  device.o
    0x0800284c   0x0000000c   Code   RO          984    i.device_GetTrigger  device.o
    0x08002858   0x0000006c   Code   RO          985    i.device_Init       device.o
    0x080028c4   0x000000c0   Code   RO          986    i.device_Run        device.o
    0x08002984   0x00000080   Code   RO          987    i.device_SendInfo   device.o
    0x08002a04   0x000000a0   Code   RO          988    i.device_SetInfo    device.o
    0x08002aa4   0x00000038   Code   RO          990    i.device_SetTrigger  device.o
    0x08002adc   0x00000032   Code   RO         1094    i.flash_erase_bytes  flash.o
    0x08002b0e   0x00000018   Code   RO         1095    i.flash_read_bytes  flash.o
    0x08002b26   0x00000002   PAD
    0x08002b28   0x00000058   Code   RO         1097    i.flash_write_halfwords  flash.o
    0x08002b80   0x0000001e   Code   RO          902    i.hex_convert       can_driver.o
    0x08002b9e   0x00000002   PAD
    0x08002ba0   0x00000080   Code   RO         1291    i.main              main.o
    0x08002c20   0x0000006c   Code   RO         1364    i.malloc            mc_w.l(malloc.o)
    0x08002c8c   0x0000007e   Code   RO          903    i.printSCI_nbr      can_driver.o
    0x08002d0a   0x00000062   Code   RO          904    i.printSCI_str      can_driver.o
    0x08002d6c   0x00000084   Code   RO          991    i.proceedCMD        device.o
    0x08002df0   0x00000044   Code   RO          992    i.tx_ack            device.o
    0x08002e34   0x00000180   Code   RO          993    i.uploading         device.o
    0x08002fb4   0x00000020   Data   RO          806    .constdata          stm32f3xx_hal_rcc.o
    0x08002fd4   0x0000000c   Data   RO          995    .constdata          device.o
    0x08002fe0   0x00000018   Data   RO         1158    .constdata          system_stm32f3xx.o
    0x08002ff8   0x00000020   Data   RO         1409    Region$$Table       anon$$obj.o


    Execution Region RW_IRAM1 (Base: 0x20000000, Size: 0x00001068, Max: 0x00008000, ABSOLUTE)

    Base Addr    Size         Type   Attr      Idx    E Section Name        Object

    0x20000000   0x00000004   Data   RW          246    .data               stm32f3xx_hal.o
    0x20000004   0x0000002f   Data   RW          996    .data               device.o
    0x20000033   0x00000001   PAD
    0x20000034   0x00000004   Data   RW         1159    .data               system_stm32f3xx.o
    0x20000038   0x00000004   Data   RW         1405    .data               mc_w.l(mvars.o)
    0x2000003c   0x00000004   Data   RW         1406    .data               mc_w.l(mvars.o)
    0x20000040   0x00000020   Zero   RW          703    .bss                stm32f3xx_hal_flash.o
    0x20000060   0x00000044   Zero   RW          905    .bss                can_driver.o
    0x200000a4   0x000008c0   Zero   RW          994    .bss                device.o
    0x20000964   0x00000100   Zero   RW         1098    .bss                flash.o
    0x20000a64   0x00000004   PAD
    0x20000a68   0x00000200   Zero   RW         1191    HEAP                startup_stm32f302xc.o
    0x20000c68   0x00000400   Zero   RW         1190    STACK               startup_stm32f302xc.o


==============================================================================

Image component sizes


      Code (inc. data)   RO Data    RW Data    ZI Data      Debug   Object Name

       748         56          0          0         68       7106   can_driver.o
      2016        300         12         47       2240      13039   device.o
       246         26          0          0        256       4442   flash.o
       412         56          0          0          0       2573   main.o
        36          8        392          0       1536        804   startup_stm32f302xc.o
       138         20          0          4          0       3799   stm32f3xx_hal.o
      2854         30          0          0          0     492096   stm32f3xx_hal_can.o
       348         22          0          0          0      32609   stm32f3xx_hal_cortex.o
       236         30          0          0         32       2730   stm32f3xx_hal_flash.o
       256         28          0          0          0       2647   stm32f3xx_hal_flash_ex.o
       470         28          0          0          0       2256   stm32f3xx_hal_gpio.o
       120          6          0          0          0        854   stm32f3xx_hal_msp.o
      3460         74         32          0          0       5186   stm32f3xx_hal_rcc.o
        68         12          0          0          0       5103   stm32f3xx_it.o
       124         20         24          4          0       1163   system_stm32f3xx.o

    ----------------------------------------------------------------------
     11544        716        492         56       4136     576407   Object Totals
         0          0         32          0          0          0   (incl. Generated)
        12          0          0          1          4          0   (incl. Padding)

    ----------------------------------------------------------------------

      Code (inc. data)   RO Data    RW Data    ZI Data      Debug   Library Member Name

         0          0          0          0          0          0   entry.o
         0          0          0          0          0          0   entry10a.o
         0          0          0          0          0          0   entry11a.o
         8          4          0          0          0          0   entry2.o
         4          0          0          0          0          0   entry5.o
         0          0          0          0          0          0   entry7b.o
         0          0          0          0          0          0   entry8b.o
         8          4          0          0          0          0   entry9a.o
        30          0          0          0          0          0   handlers.o
        36          8          0          0          0         68   init.o
       108         16          0          0          0         84   malloc.o
        36          0          0          0          0         68   memcpya.o
         0          0          0          8          0          0   mvars.o
        14          0          0          0          0         68   strlen.o
        30          0          0          0          0         80   strncmp.o

    ----------------------------------------------------------------------
       276         32          0          8          0        368   Library Totals
         2          0          0          0          0          0   (incl. Padding)

    ----------------------------------------------------------------------

      Code (inc. data)   RO Data    RW Data    ZI Data      Debug   Library Name

       274         32          0          8          0        368   mc_w.l

    ----------------------------------------------------------------------
       276         32          0          8          0        368   Library Totals

    ----------------------------------------------------------------------

==============================================================================


      Code (inc. data)   RO Data    RW Data    ZI Data      Debug   

     11820        748        492         64       4136     569775   Grand Totals
     11820        748        492         64       4136     569775   ELF Image Totals
     11820        748        492         64          0          0   ROM Totals

==============================================================================

    Total RO  Size (Code + RO Data)                12312 (  12.02kB)
    Total RW  Size (RW Data + ZI Data)              4200 (   4.10kB)
    Total ROM Size (Code + RO Data + RW Data)      12376 (  12.09kB)

==============================================================================

